===== ANYTIME (all 4, all-tuned) =====
=== anytime_single v7 ===
datasets=['G22', 'K2000', 'G55', 'G70'] algos=['CIM', 'CAC', 'SA', 'SB', 'PT', 'GA'] num_trials=16

[G22] loading...
[G22] n=2000 edges=19990 bks=13359
  --- CIM ---
    CIM  b=      150 t=  0.05s  mean=  11481.7  max= 11838  gap=1521.0
    CIM  b=      300 t=  0.09s  mean=  13059.4  max= 13113  gap= 246.0
    CIM  b=      600 t=  0.19s  mean=  13247.5  max= 13270  gap=  89.0
    CIM  b=     1200 t=  0.36s  mean=  13307.6  max= 13341  gap=  18.0
    CIM  b=     2400 t=  0.75s  mean=  13309.4  max= 13342  gap=  17.0
    CIM  b=     4800 t=  1.47s  mean=  13309.4  max= 13342  gap=  17.0
  --- CAC ---
    CAC  b=      500 t=  0.09s  mean=  13284.8  max= 13308  gap=  51.0
    CAC  b=     1500 t=  0.26s  mean=  13318.0  max= 13342  gap=  17.0
    CAC  b=     4000 t=  0.70s  mean=  13337.9  max= 13356  gap=   3.0
    CAC  b=    12000 t=  2.06s  mean=  13343.4  max= 13356  gap=   3.0
    CAC  b=    35000 t=  5.97s  mean=  13346.9  max= 13357  gap=   2.0
    CAC  b=    80000 t= 13.55s  mean=  13353.6  max= 13358  gap=   1.0
  --- SA ---
    SA   b=    30000 t=  0.02s  mean=  13017.1  max= 13093  gap= 266.0
    SA   b=   100000 t=  0.03s  mean=  13140.1  max= 13232  gap= 127.0
    SA   b=   300000 t=  0.07s  mean=  13230.2  max= 13269  gap=  90.0
    SA   b=  1000000 t=  0.23s  mean=  13293.7  max= 13327  gap=  32.0
    SA   b=  3000000 t=  0.62s  mean=  13326.4  max= 13354  gap=   5.0
    SA   b= 10000000 t=  2.06s  mean=  13342.5  max= 13358  gap=   1.0
  --- SB ---
    SB   b=      150 t=  0.03s  mean=  13256.7  max= 13299  gap=  60.0
    SB   b=      400 t=  0.08s  mean=  13301.1  max= 13320  gap=  39.0
    SB   b=     1000 t=  0.20s  mean=  13330.9  max= 13354  gap=   5.0
    SB   b=     2500 t=  0.48s  mean=  13350.4  max= 13357  gap=   2.0
    SB   b=     6000 t=  1.16s  mean=  13348.9  max= 13358  gap=   1.0
    SB   b=    15000 t=  2.90s  mean=  13355.5  max= 13358  gap=   1.0
  --- PT ---
    PT   b=       30 t=  0.83s  mean=  13157.7  max= 13192  gap= 167.0
    PT   b=       80 t=  2.19s  mean=  13249.4  max= 13288  gap=  71.0
    PT   b=      200 t=  5.31s  mean=  13297.3  max= 13313  gap=  46.0
    PT   b=      600 t= 15.82s  mean=  13338.4  max= 13351  gap=   8.0
    PT   b=     1800 t= 46.66s  mean=  13355.0  max= 13357  gap=   2.0
    PT   batch>45.0s → 以後の大予算スキップ
  --- GA ---
    GA   b=        3 t=  2.78s  mean=  13334.5  max= 13357  gap=   2.0
    GA   b=        8 t=  3.59s  mean=  13344.9  max= 13357  gap=   2.0
    GA   b=       20 t=  5.51s  mean=  13350.2  max= 13358  gap=   1.0
    GA   b=       50 t= 10.34s  mean=  13357.9  max= 13359  gap=   0.0
    GA   b=      120 t= 21.72s  mean=  13358.2  max= 13359  gap=   0.0

[K2000] loading...
[K2000] n=2000 edges=1999000 bks=33337
  --- CIM ---
    CIM  b=      150 t=  3.74s  mean=  32097.8  max= 32338  gap= 999.0
    CIM  b=      300 t=  7.17s  mean=  32254.8  max= 32446  gap= 891.0
    CIM  b=      600 t= 14.01s  mean=  32335.1  max= 32514  gap= 823.0
    CIM  b=     1200 t= 27.64s  mean=  32372.1  max= 32525  gap= 812.0
    CIM  b=     2400 t= 55.62s  mean=  32377.8  max= 32543  gap= 794.0
    CIM  batch>45.0s → 以後の大予算スキップ
  --- CAC ---
    CAC  b=      500 t= 10.00s  mean=  26211.4  max= 31862  gap=1475.0
    CAC  b=     1500 t= 29.70s  mean=  26617.1  max= 32364  gap= 973.0
    CAC  b=     4000 t= 90.08s  mean=  27338.0  max= 32364  gap= 973.0
    CAC  batch>45.0s → 以後の大予算スキップ
  --- SA ---
    SA   b=    30000 t=  1.72s  mean=  29699.6  max= 30646  gap=2691.0
    SA   b=   100000 t=  2.56s  mean=  30695.4  max= 31092  gap=2245.0
    SA   b=   300000 t=  5.51s  mean=  31128.9  max= 31510  gap=1827.0
    SA   b=  1000000 t= 12.84s  mean=  31628.5  max= 32084  gap=1253.0
    SA   b=  3000000 t= 29.59s  mean=  31922.1  max= 32304  gap=1033.0
    SA   b= 10000000 t= 93.22s  mean=  32231.8  max= 32581  gap= 756.0
    SA   batch>45.0s → 以後の大予算スキップ
  --- SB ---
    SB   b=      150 t=  3.61s  mean=  32907.7  max= 33129  gap= 208.0
    SB   b=      400 t= 10.08s  mean=  33170.3  max= 33278  gap=  59.0
    SB   b=     1000 t= 26.73s  mean=  33208.3  max= 33221  gap= 116.0
    SB   b=     2500 t= 65.28s  mean=  33208.9  max= 33209  gap= 128.0
    SB   batch>45.0s → 以後の大予算スキップ
  --- PT ---
    PT   b=       30 t= 25.32s  mean=  31110.1  max= 31366  gap=1971.0
    PT   b=       80 t= 64.33s  mean=  31386.1  max= 31635  gap=1702.0
    PT   batch>45.0s → 以後の大予算スキップ
  --- GA ---
    GA   b=        3 t=  9.77s  mean=  33101.8  max= 33247  gap=  90.0
    GA   b=        8 t= 14.74s  mean=  33164.2  max= 33250  gap=  87.0
    GA   b=       20 t= 25.96s  mean=  33203.6  max= 33267  gap=  70.0
    GA   b=       50 t= 54.87s  mean=  33261.5  max= 33304  gap=  33.0
    GA   batch>45.0s → 以後の大予算スキップ

[G55] loading...
[G55] n=5000 edges=12498 bks=10299
  --- CIM ---
    CIM  b=      150 t=  0.08s  mean=   9787.1  max=  9833  gap= 466.0
    CIM  b=      300 t=  0.19s  mean=  10014.3  max= 10049  gap= 250.0
    CIM  b=      600 t=  0.31s  mean=  10133.8  max= 10179  gap= 120.0
    CIM  b=     1200 t=  0.63s  mean=  10180.9  max= 10220  gap=  79.0
    CIM  b=     2400 t=  1.26s  mean=  10186.2  max= 10225  gap=  74.0
    CIM  b=     4800 t=  2.46s  mean=  10186.4  max= 10225  gap=  74.0
  --- CAC ---
    CAC  b=      500 t=  0.09s  mean=  10119.6  max= 10179  gap= 120.0
    CAC  b=     1500 t=  0.25s  mean=  10169.3  max= 10215  gap=  84.0
    CAC  b=     4000 t=  0.67s  mean=  10204.0  max= 10237  gap=  62.0
    CAC  b=    12000 t=  2.14s  mean=  10231.5  max= 10246  gap=  53.0
    CAC  b=    35000 t=  8.76s  mean=  10250.1  max= 10269  gap=  30.0
    CAC  b=    80000 t= 18.19s  mean=  10260.4  max= 10269  gap=  30.0
  --- SA ---
    SA   b=    30000 t=  0.01s  mean=   9604.2  max=  9670  gap= 629.0
    SA   b=   100000 t=  0.02s  mean=   9916.2  max=  9956  gap= 343.0
    SA   b=   300000 t=  0.06s  mean=  10063.9  max= 10098  gap= 201.0
    SA   b=  1000000 t=  0.17s  mean=  10157.4  max= 10187  gap= 112.0
    SA   b=  3000000 t=  0.49s  mean=  10204.9  max= 10232  gap=  67.0
    SA   b= 10000000 t=  1.61s  mean=  10244.2  max= 10256  gap=  43.0
  --- SB ---
    SB   b=      150 t=  0.03s  mean=  10157.6  max= 10178  gap= 121.0
    SB   b=      400 t=  0.08s  mean=  10210.9  max= 10238  gap=  61.0
    SB   b=     1000 t=  0.20s  mean=  10238.5  max= 10253  gap=  46.0
    SB   b=     2500 t=  0.49s  mean=  10256.5  max= 10273  gap=  26.0
    SB   b=     6000 t=  1.17s  mean=  10266.2  max= 10277  gap=  22.0
    SB   b=    15000 t=  2.87s  mean=  10272.2  max= 10284  gap=  15.0
  --- PT ---
    PT   b=       30 t=  1.38s  mean=   9997.5  max= 10032  gap= 267.0
    PT   b=       80 t=  3.95s  mean=  10128.2  max= 10150  gap= 149.0
    PT   b=      200 t=  9.35s  mean=  10185.7  max= 10205  gap=  94.0
    PT   b=      600 t= 27.85s  mean=  10231.5  max= 10243  gap=  56.0
    PT   b=     1800 t= 81.46s  mean=  10261.1  max= 10274  gap=  25.0
    PT   batch>45.0s → 以後の大予算スキップ
  --- GA ---
    GA   b=        3 t=  4.11s  mean=  10035.4  max= 10087  gap= 212.0
    GA   b=        8 t=  6.28s  mean=  10078.8  max= 10111  gap= 188.0
    GA   b=       20 t= 11.30s  mean=  10137.0  max= 10177  gap= 122.0
    GA   b=       50 t= 24.24s  mean=  10171.4  max= 10196  gap= 103.0
    GA   b=      120 t= 54.93s  mean=  10200.9  max= 10221  gap=  78.0
    GA   batch>45.0s → 以後の大予算スキップ

[G70] loading...
[G70] n=10000 edges=9999 bks=9591
  --- CIM ---
    CIM  b=      150 t=  0.13s  mean=   5495.8  max=  5544  gap=4047.0
    CIM  b=      300 t=  0.27s  mean=   9071.6  max=  9111  gap= 480.0
    CIM  b=      600 t=  0.54s  mean=   9316.8  max=  9343  gap= 248.0
    CIM  b=     1200 t=  1.09s  mean=   9436.7  max=  9459  gap= 132.0
    CIM  b=     2400 t=  2.15s  mean=   9478.3  max=  9501  gap=  90.0
    CIM  b=     4800 t=  4.38s  mean=   9478.3  max=  9501  gap=  90.0
  --- CAC ---
    CAC  b=      500 t=  0.13s  mean=   9391.1  max=  9424  gap= 167.0
    CAC  b=     1500 t=  0.39s  mean=   9430.6  max=  9470  gap= 121.0
    CAC  b=     4000 t=  1.03s  mean=   9442.0  max=  9480  gap= 111.0
    CAC  b=    12000 t=  7.89s  mean=   9448.8  max=  9480  gap= 111.0
    CAC  b=    35000 t= 54.91s  mean=   9452.2  max=  9483  gap= 108.0
    CAC  batch>45.0s → 以後の大予算スキップ
  --- SA ---
    SA   b=    30000 t=  0.01s  mean=   8213.2  max=  8285  gap=1306.0
    SA   b=   100000 t=  0.02s  mean=   8905.2  max=  8941  gap= 650.0
    SA   b=   300000 t=  0.05s  mean=   9167.6  max=  9193  gap= 398.0
    SA   b=  1000000 t=  0.15s  mean=   9314.2  max=  9342  gap= 249.0
    SA   b=  3000000 t=  0.42s  mean=   9398.2  max=  9419  gap= 172.0
    SA   b= 10000000 t=  1.42s  mean=   9469.0  max=  9494  gap=  97.0
  --- SB ---
    SB   b=      150 t=  0.05s  mean=   9381.2  max=  9396  gap= 195.0
    SB   b=      400 t=  0.13s  mean=   9441.0  max=  9457  gap= 134.0
    SB   b=     1000 t=  0.33s  mean=   9487.8  max=  9504  gap=  87.0
    SB   b=     2500 t=  0.80s  mean=   9511.4  max=  9531  gap=  60.0
    SB   b=     6000 t=  1.91s  mean=   9530.3  max=  9549  gap=  42.0
    SB   b=    15000 t=  4.81s  mean=   9537.3  max=  9546  gap=  45.0
  --- PT ---
    PT   b=       30 t=  1.99s  mean=   9314.9  max=  9340  gap= 251.0
    PT   b=       80 t=  5.23s  mean=   9397.9  max=  9415  gap= 176.0
    PT   b=      200 t= 13.09s  mean=   9444.9  max=  9468  gap= 123.0
    PT   b=      600 t= 39.89s  mean=   9499.4  max=  9516  gap=  75.0
    PT   b=     1800 t=138.25s  mean=   9527.3  max=  9540  gap=  51.0
    PT   batch>45.0s → 以後の大予算スキップ
  --- GA ---
    GA   b=        3 t=  7.70s  mean=   9205.3  max=  9244  gap= 347.0
    GA   b=        8 t= 11.59s  mean=   9237.8  max=  9271  gap= 320.0
    GA   b=       20 t= 20.47s  mean=   9293.9  max=  9324  gap= 267.0
    GA   b=       50 t= 42.46s  mean=   9364.3  max=  9386  gap= 205.0
    GA   b=      120 t= 90.86s  mean=   9449.0  max=  9482  gap= 109.0
    GA   batch>45.0s → 以後の大予算スキップ

saved → results\2026-06-19\anytime_single\v7_G22_K2000_G55_G70_nt16_alltuned
OUT_DIR=results\2026-06-19\anytime_single\v7_G22_K2000_G55_G70_nt16_alltuned
ANYTIME_DONE
===== COMBO G22 =====
=== combo_hybrid G22 n=2000 bks=13359 num_trials=16 ===
[explorer] CIM b=800 t=0.26s cut_max=13308 mean=13283.3 gap=51.0
[explorer] CAC b=4000 t=0.82s cut_max=13356 mean=13337.9 gap=3.0

[refiner] TS grid=[2000, 8000, 30000, 100000, 300000]
  TS-cold      b=     2000 t=  0.01s max= 13134 mean=  13055.4 gap=225.0
  TS-cold      b=     8000 t=  0.04s max= 13231 mean=  13165.2 gap=128.0
  TS-cold      b=    30000 t=  0.14s max= 13296 mean=  13227.5 gap=63.0
  TS-cold      b=   100000 t=  0.41s max= 13320 mean=  13258.6 gap=39.0
  TS-cold      b=   300000 t=  1.29s max= 13325 mean=  13282.1 gap=34.0
  CIM→TS     b=     2000 t=  0.01s(+0.26) max= 13344 mean=  13311.1 gap=15.0
  CIM→TS     b=     8000 t=  0.03s(+0.26) max= 13356 mean=  13315.8 gap=3.0
  CIM→TS     b=    30000 t=  0.14s(+0.26) max= 13356 mean=  13323.4 gap=3.0
  CIM→TS     b=   100000 t=  0.42s(+0.26) max= 13356 mean=  13327.1 gap=3.0
  CIM→TS     b=   300000 t=  1.25s(+0.26) max= 13358 mean=  13331.7 gap=1.0
  CAC→TS     b=     2000 t=  0.01s(+0.82) max= 13357 mean=  13341.4 gap=2.0
  CAC→TS     b=     8000 t=  0.04s(+0.82) max= 13358 mean=  13342.2 gap=1.0
  CAC→TS     b=    30000 t=  0.14s(+0.82) max= 13358 mean=  13343.4 gap=1.0
  CAC→TS     b=   100000 t=  0.47s(+0.82) max= 13358 mean=  13348.1 gap=1.0
  CAC→TS     b=   300000 t=  1.41s(+0.82) max= 13358 mean=  13349.7 gap=1.0

[refiner] SA grid=[100000, 300000, 1000000, 3000000, 10000000]
  SA-cold      b=   100000 t=  0.05s max= 13115 mean=  13071.1 gap=244.0
  SA-cold      b=   300000 t=  0.13s max= 13221 mean=  13172.1 gap=138.0
  SA-cold      b=  1000000 t=  0.33s max= 13312 mean=  13255.7 gap=47.0
  SA-cold      b=  3000000 t=  0.81s max= 13314 mean=  13293.4 gap=45.0
  SA-cold      b= 10000000 t=  2.46s max= 13354 mean=  13328.3 gap=5.0
  CIM→SA     b=   100000 t=  0.04s(+0.26) max= 13335 mean=  13306.2 gap=24.0
  CIM→SA     b=   300000 t=  0.09s(+0.26) max= 13334 mean=  13308.2 gap=25.0
  CIM→SA     b=  1000000 t=  0.31s(+0.26) max= 13342 mean=  13311.8 gap=17.0
  CIM→SA     b=  3000000 t=  0.80s(+0.26) max= 13351 mean=  13315.8 gap=8.0
  CIM→SA     b= 10000000 t=  2.67s(+0.26) max= 13351 mean=  13320.9 gap=8.0
  CAC→SA     b=   100000 t=  0.04s(+0.82) max= 13357 mean=  13340.4 gap=2.0
  CAC→SA     b=   300000 t=  0.11s(+0.82) max= 13357 mean=  13340.9 gap=2.0
  CAC→SA     b=  1000000 t=  0.37s(+0.82) max= 13357 mean=  13341.0 gap=2.0
  CAC→SA     b=  3000000 t=  1.08s(+0.82) max= 13357 mean=  13341.8 gap=2.0
  CAC→SA     b= 10000000 t=  3.26s(+0.82) max= 13357 mean=  13342.1 gap=2.0

saved → results\2026-06-19\combo_hybrid\v7_G22_nt16_alltuned
OUT_DIR=results\2026-06-19\combo_hybrid\v7_G22_nt16_alltuned
===== COMBO K2000 =====
=== combo_hybrid K2000 n=2000 bks=33337 num_trials=16 ===
[explorer] CIM b=800 t=43.63s cut_max=32514 mean=32360.3 gap=823.0
[explorer] CAC b=4000 t=168.83s cut_max=32364 mean=27338.0 gap=973.0

[refiner] TS grid=[2000, 8000, 30000, 100000, 300000]
  TS-cold      b=     2000 t=  0.44s max= 32135 mean=  31710.7 gap=1202.0
  TS-cold      b=     8000 t=  0.58s max= 32927 mean=  32461.0 gap=410.0
  TS-cold      b=    30000 t=  1.18s max= 32963 mean=  32721.8 gap=374.0
  TS-cold      b=   100000 t=  3.67s max= 32984 mean=  32806.2 gap=353.0
  TS-cold      b=   300000 t= 10.67s max= 33145 mean=  32900.2 gap=192.0
  CIM→TS     b=     2000 t=  0.42s(+43.63) max= 33014 mean=  32781.1 gap=323.0
  CIM→TS     b=     8000 t=  0.59s(+43.63) max= 33014 mean=  32790.8 gap=323.0
  CIM→TS     b=    30000 t=  1.36s(+43.63) max= 33014 mean=  32820.2 gap=323.0
  CIM→TS     b=   100000 t=  4.01s(+43.63) max= 33024 mean=  32880.4 gap=313.0
  CIM→TS     b=   300000 t= 11.56s(+43.63) max= 33217 mean=  32915.2 gap=120.0
  CAC→TS     b=     2000 t=  0.47s(+168.83) max= 32855 mean=  32367.8 gap=482.0
  CAC→TS     b=     8000 t=  0.68s(+168.83) max= 33017 mean=  32630.7 gap=320.0
  CAC→TS     b=    30000 t=  1.42s(+168.83) max= 33073 mean=  32741.1 gap=264.0
  CAC→TS     b=   100000 t=  3.76s(+168.83) max= 33074 mean=  32796.8 gap=263.0
  CAC→TS     b=   300000 t= 10.51s(+168.83) max= 33093 mean=  32915.8 gap=244.0

[refiner] SA grid=[100000, 300000, 1000000, 3000000, 10000000]
  SA-cold      b=   100000 t=  3.33s max= 31130 mean=  30375.4 gap=2207.0
  SA-cold      b=   300000 t=  6.19s max= 31306 mean=  30623.2 gap=2031.0
  SA-cold      b=  1000000 t= 18.49s max= 31306 mean=  30873.4 gap=2031.0
  SA-cold      b=  3000000 t= 38.72s max= 31687 mean=  31049.4 gap=1650.0
  SA-cold      b= 10000000 t=164.63s max= 31989 mean=  31544.9 gap=1348.0
  SA-cold batch>40.0s → 以後スキップ
  CIM→SA     b=   100000 t=  3.21s(+43.63) max= 32885 mean=  32682.8 gap=452.0
  CIM→SA     b=   300000 t=  5.95s(+43.63) max= 32916 mean=  32681.3 gap=421.0
  CIM→SA     b=  1000000 t= 15.83s(+43.63) max= 32911 mean=  32697.8 gap=426.0
  CIM→SA     b=  3000000 t= 42.98s(+43.63) max= 32981 mean=  32709.3 gap=356.0
  CIM→SA batch>40.0s → 以後スキップ
  CAC→SA     b=   100000 t=  3.11s(+168.83) max= 32786 mean=  31745.6 gap=551.0
  CAC→SA     b=   300000 t=  5.97s(+168.83) max= 32769 mean=  31645.0 gap=568.0
  CAC→SA     b=  1000000 t= 14.79s(+168.83) max= 32772 mean=  31732.4 gap=565.0
  CAC→SA     b=  3000000 t= 51.16s(+168.83) max= 32722 mean=  31805.2 gap=615.0
  CAC→SA batch>40.0s → 以後スキップ

saved → results\2026-06-19\combo_hybrid\v8_K2000_nt16_alltuned
OUT_DIR=results\2026-06-19\combo_hybrid\v8_K2000_nt16_alltuned
===== COMBO G55 =====
=== combo_hybrid G55 n=5000 bks=10299 num_trials=16 ===
[explorer] CIM b=800 t=0.42s cut_max=10211 mean=10161.1 gap=88.0
[explorer] CAC b=4000 t=1.09s cut_max=10237 mean=10204.0 gap=62.0

[refiner] TS grid=[2000, 8000, 30000, 100000, 300000]
  TS-cold      b=     2000 t=  0.03s max=  9534 mean=   9493.9 gap=765.0
  TS-cold      b=     8000 t=  0.09s max=  9634 mean=   9581.8 gap=665.0
  TS-cold      b=    30000 t=  0.33s max=  9726 mean=   9676.9 gap=573.0
  TS-cold      b=   100000 t=  1.00s max=  9889 mean=   9842.4 gap=410.0
  TS-cold      b=   300000 t=  3.20s max= 10068 mean=  10003.0 gap=231.0
  CIM→TS     b=     2000 t=  0.03s(+0.42) max= 10220 mean=  10180.3 gap=79.0
  CIM→TS     b=     8000 t=  0.10s(+0.42) max= 10220 mean=  10181.5 gap=79.0
  CIM→TS     b=    30000 t=  0.35s(+0.42) max= 10220 mean=  10181.8 gap=79.0
  CIM→TS     b=   100000 t=  1.00s(+0.42) max= 10220 mean=  10182.0 gap=79.0
  CIM→TS     b=   300000 t=  3.25s(+0.42) max= 10229 mean=  10186.3 gap=70.0
  CAC→TS     b=     2000 t=  0.02s(+1.09) max= 10244 mean=  10213.1 gap=55.0
  CAC→TS     b=     8000 t=  0.09s(+1.09) max= 10244 mean=  10213.9 gap=55.0
  CAC→TS     b=    30000 t=  0.33s(+1.09) max= 10244 mean=  10214.2 gap=55.0
  CAC→TS     b=   100000 t=  1.10s(+1.09) max= 10244 mean=  10214.3 gap=55.0
  CAC→TS     b=   300000 t=  3.00s(+1.09) max= 10244 mean=  10215.4 gap=55.0

[refiner] SA grid=[100000, 300000, 1000000, 3000000, 10000000]
  SA-cold      b=   100000 t=  0.04s max=  9905 mean=   9871.6 gap=394.0
  SA-cold      b=   300000 t=  0.08s max= 10032 mean=   9993.7 gap=267.0
  SA-cold      b=  1000000 t=  0.23s max= 10126 mean=  10084.8 gap=173.0
  SA-cold      b=  3000000 t=  0.68s max= 10201 mean=  10174.8 gap=98.0
  SA-cold      b= 10000000 t=  2.35s max= 10237 mean=  10221.1 gap=62.0
  CIM→SA     b=   100000 t=  0.04s(+0.42) max= 10224 mean=  10187.8 gap=75.0
  CIM→SA     b=   300000 t=  0.09s(+0.42) max= 10229 mean=  10191.8 gap=70.0
  CIM→SA     b=  1000000 t=  0.27s(+0.42) max= 10227 mean=  10195.5 gap=72.0
  CIM→SA     b=  3000000 t=  0.79s(+0.42) max= 10234 mean=  10205.7 gap=65.0
  CIM→SA     b= 10000000 t=  2.48s(+0.42) max= 10247 mean=  10224.5 gap=52.0
  CAC→SA     b=   100000 t=  0.03s(+1.09) max= 10246 mean=  10216.7 gap=53.0
  CAC→SA     b=   300000 t=  0.08s(+1.09) max= 10245 mean=  10217.1 gap=54.0
  CAC→SA     b=  1000000 t=  0.22s(+1.09) max= 10248 mean=  10217.3 gap=51.0
  CAC→SA     b=  3000000 t=  0.70s(+1.09) max= 10246 mean=  10222.8 gap=53.0
  CAC→SA     b= 10000000 t=  2.50s(+1.09) max= 10253 mean=  10229.4 gap=46.0

saved → results\2026-06-19\combo_hybrid\v9_G55_nt16_alltuned
OUT_DIR=results\2026-06-19\combo_hybrid\v9_G55_nt16_alltuned
===== COMBO G70 =====
=== combo_hybrid G70 n=10000 bks=9591 num_trials=16 ===
[explorer] CIM b=800 t=0.75s cut_max=9394 mean=9371.1 gap=197.0
