G22 CIM population: 1.25s, 240 solutions, diversity=0.328
G22 gen=0: gap mean cold=36.4, warm=6.9, gain=+29.4, p=0.0004358, time=0.8/2.0s
G22 gen=1: gap mean cold=32.7, warm=6.9, gain=+25.8, p=0.0005301, time=0.8/2.1s
G22 gen=3: gap mean cold=24.5, warm=6.7, gain=+17.8, p=0.001859, time=0.9/2.2s
G22 gen=8: gap mean cold=14.1, warm=3.6, gain=+10.6, p=0.001348, time=1.2/2.5s
G22 gen=20: gap mean cold=8.8, warm=1.8, gain=+6.9, p=0.005136, time=2.0/3.3s
G22 gen=50: gap mean cold=1.1, warm=1.0, gain=+0.1, p=0.5637, time=3.8/5.0s
G55 CIM population: 0.75s, 96 solutions, diversity=0.344
G55 gen=0: gap mean cold=335.2, warm=104.8, gain=+230.5, p=0.0004358, time=0.9/1.7s
G55 gen=1: gap mean cold=293.6, warm=104.8, gain=+188.8, p=3.052e-05, time=1.1/1.9s
G55 gen=3: gap mean cold=263.6, warm=104.8, gain=+158.9, p=0.0004358, time=1.5/2.2s
G55 gen=8: gap mean cold=220.2, warm=104.8, gain=+115.4, p=3.052e-05, time=2.3/3.1s
G55 gen=20: gap mean cold=162.0, warm=104.1, gain=+57.9, p=0.0004368, time=4.5/5.2s
G55 gen=50: gap mean cold=127.6, warm=100.1, gain=+27.6, p=9.155e-05, time=9.7/10.5s
G55 gen=120: gap mean cold=98.1, warm=93.5, gain=+4.6, p=0.3386, time=22.0/22.9s
G70 CIM population: 1.63s, 128 solutions, diversity=0.371
G70 gen=0: gap mean cold=464.4, warm=106.3, gain=+358.1, p=0.000433, time=1.7/3.3s
G70 gen=1: gap mean cold=418.8, warm=106.3, gain=+312.4, p=3.052e-05, time=1.9/3.5s
G70 gen=3: gap mean cold=385.7, warm=106.3, gain=+279.4, p=0.0004339, time=2.3/4.0s
G70 gen=8: gap mean cold=353.2, warm=106.3, gain=+246.9, p=0.0004339, time=3.7/6.2s
G70 gen=20: gap mean cold=297.1, warm=106.3, gain=+190.8, p=0.000433, time=8.2/9.8s
G70 gen=50: gap mean cold=226.7, warm=106.2, gain=+120.4, p=0.0004349, time=17.2/18.8s
G70 gen=120: gap mean cold=142.0, warm=105.9, gain=+36.1, p=0.000529, time=38.1/39.9s
G70 gen=300: gap mean cold=127.0, warm=105.8, gain=+21.2, p=0.001119, time=89.9/92.6s
G70 gen=800: gap mean cold=124.4, warm=105.4, gain=+18.9, p=0.001766, time=237.6/242.5s
K2000 CIM population: 82.17s, 144 solutions, diversity=0.441
K2000 gen=0: gap mean cold=300.1, warm=268.4, gain=+31.6, p=0.2446, time=3.8/86.4s
C:\Users\hikar\igarashi\cim-cac-maxcut-g22\results\2026-07-26\cim_warmstart\ga_full_population_until_nonsig_G22_G55_G70_K2000_nt16
