refine: ts_iters=20000 (摂動なし: cr=1000000000)

=== G22 (BKS=13359) ===
  CIM  磨き   0.16s  gap平均 0.402% → 0.311%   平均距離 0.3269 → 0.3324  相異なる解 30/32  移動距離 0.0596
  CAC  磨き   0.15s  gap平均 0.175% → 0.140%   平均距離 0.2137 → 0.2117  相異なる解 32/32  移動距離 0.0231
  SA   磨き   0.15s  gap平均 0.126% → 0.122%   平均距離 0.2550 → 0.2542  相異なる解 32/32  移動距離 0.0083
  SB   磨き   0.16s  gap平均 0.072% → 0.063%   平均距離 0.1595 → 0.1587  相異なる解 32/32  移動距離 0.0147
  PT   磨き   0.16s  gap平均 0.818% → 0.531%   平均距離 0.4144 → 0.4124  相異なる解 32/32  移動距離 0.0955
  GA   磨き   0.15s  gap平均 0.080% → 0.065%   平均距離 0.1754 → 0.1750  相異なる解 32/32  移動距離 0.0173

=== K2000 (BKS=33337) ===
  CIM  磨き   1.75s  gap平均 3.218% → 1.600%   平均距離 0.4457 → 0.4437  相異なる解 32/32  移動距離 0.1003
  CAC  磨き   1.73s  gap平均 26.073% → 2.137%   平均距離 0.4729 → 0.4473  相異なる解 32/32  移動距離 0.2804
  SA   磨き   1.73s  gap平均 5.407% → 2.442%   平均距離 0.4653 → 0.4543  相異なる解 32/32  移動距離 0.2537
  SB   磨き   1.73s  gap平均 0.515% → 0.405%   平均距離 0.3134 → 0.3181  相異なる解 29/32  移動距離 0.0513
  PT   磨き   1.79s  gap平均 6.730% → 2.065%   平均距離 0.4657 → 0.4512  相異なる解 32/32  移動距離 0.2709
  GA   磨き   1.73s  gap平均 0.373% → 0.351%   平均距離 0.3752 → 0.3753  相異なる解 32/32  移動距離 0.0191

=== G55 (BKS=10299) ===
  CIM  磨き   0.51s  gap平均 1.156% → 1.148%   平均距離 0.3867 → 0.3869  相異なる解 32/32  移動距離 0.0062
  CAC  磨き   0.53s  gap平均 0.646% → 0.570%   平均距離 0.4378 → 0.4373  相異なる解 32/32  移動距離 0.0150
  SA   磨き   0.51s  gap平均 0.306% → 0.306%   平均距離 0.4095 → 0.4095  相異なる解 32/32  移動距離 0.0000
  SB   磨き   0.54s  gap平均 0.265% → 0.265%   平均距離 0.3761 → 0.3761  相異なる解 32/32  移動距離 0.0000
  PT   磨き   0.52s  gap平均 1.070% → 1.010%   平均距離 0.4396 → 0.4395  相異なる解 32/32  移動距離 0.0089
  GA   磨き   0.52s  gap平均 2.111% → 2.097%   平均距離 0.4695 → 0.4695  相異なる解 32/32  移動距離 0.0082

=== G70 (BKS=9591) ===
  CIM  磨き   0.99s  gap平均 1.161% → 1.157%   平均距離 0.3810 → 0.3810  相異なる解 32/32  移動距離 0.0000
  CAC  磨き   1.01s  gap平均 1.559% → 1.555%   平均距離 0.4751 → 0.4751  相異なる解 32/32  移動距離 0.0000
  SA   磨き   0.98s  gap平均 0.761% → 0.761%   平均距離 0.4566 → 0.4566  相異なる解 32/32  移動距離 0.0000
  SB   磨き   1.08s  gap平均 0.571% → 0.571%   平均距離 0.4493 → 0.4493  相異なる解 32/32  移動距離 0.0000
  PT   磨き   1.00s  gap平均 2.014% → 2.005%   平均距離 0.4809 → 0.4809  相異なる解 32/32  移動距離 0.0001
  GA   磨き   1.00s  gap平均 4.063% → 4.041%   平均距離 0.4872 → 0.4872  相異なる解 32/32  移動距離 0.0072

saved -> results\2026-08-18\solution_diversity\v1_G22_K2000_G55_G70_nt32_main/signs_refined.npz, results_refined.json
