refine: ts_iters=2000 (摂動なし: cr=1000000000)

=== G22 (BKS=13359) ===
  CIM  磨き   0.03s  gap平均 0.402% → 0.370%   平均距離 0.3269 → 0.3287  相異なる解 30/32  移動距離 0.0208
  CAC  磨き   0.02s  gap平均 0.175% → 0.149%   平均距離 0.2137 → 0.2134  相異なる解 32/32  移動距離 0.0092
  SA   磨き   0.02s  gap平均 0.126% → 0.124%   平均距離 0.2550 → 0.2548  相異なる解 32/32  移動距離 0.0017
  SB   磨き   0.02s  gap平均 0.072% → 0.071%   平均距離 0.1595 → 0.1597  相異なる解 32/32  移動距離 0.0009
  PT   磨き   0.02s  gap平均 0.818% → 0.655%   平均距離 0.4144 → 0.4141  相異なる解 32/32  移動距離 0.0448
  GA   磨き   0.02s  gap平均 0.080% → 0.074%   平均距離 0.1754 → 0.1745  相異なる解 32/32  移動距離 0.0063

=== K2000 (BKS=33337) ===
  CIM  磨き   0.75s  gap平均 3.218% → 1.844%   平均距離 0.4457 → 0.4453  相異なる解 32/32  移動距離 0.0588
  CAC  磨き   0.75s  gap平均 26.073% → 3.735%   平均距離 0.4729 → 0.4569  相異なる解 32/32  移動距離 0.2147
  SA   磨き   0.83s  gap平均 5.407% → 4.040%   平均距離 0.4653 → 0.4624  相異なる解 32/32  移動距離 0.1379
  SB   磨き   0.89s  gap平均 0.515% → 0.452%   平均距離 0.3134 → 0.3154  相異なる解 31/32  移動距離 0.0247
  PT   磨き   0.79s  gap平均 6.730% → 3.629%   平均距離 0.4657 → 0.4570  相異なる解 32/32  移動距離 0.1713
  GA   磨き   0.75s  gap平均 0.373% → 0.361%   平均距離 0.3752 → 0.3758  相異なる解 32/32  移動距離 0.0070

=== G55 (BKS=10299) ===
  CIM  磨き   0.06s  gap平均 1.156% → 1.150%   平均距離 0.3867 → 0.3869  相異なる解 32/32  移動距離 0.0053
  CAC  磨き   0.06s  gap平均 0.646% → 0.572%   平均距離 0.4378 → 0.4373  相異なる解 32/32  移動距離 0.0146
  SA   磨き   0.06s  gap平均 0.306% → 0.306%   平均距離 0.4095 → 0.4095  相異なる解 32/32  移動距離 0.0000
  SB   磨き   0.06s  gap平均 0.265% → 0.265%   平均距離 0.3761 → 0.3761  相異なる解 32/32  移動距離 0.0000
  PT   磨き   0.06s  gap平均 1.070% → 1.012%   平均距離 0.4396 → 0.4395  相異なる解 32/32  移動距離 0.0084
  GA   磨き   0.06s  gap平均 2.111% → 2.102%   平均距離 0.4695 → 0.4694  相異なる解 32/32  移動距離 0.0087

=== G70 (BKS=9591) ===
  CIM  磨き   0.10s  gap平均 1.161% → 1.157%   平均距離 0.3810 → 0.3810  相異なる解 32/32  移動距離 0.0000
  CAC  磨き   0.11s  gap平均 1.559% → 1.555%   平均距離 0.4751 → 0.4751  相異なる解 32/32  移動距離 0.0000
  SA   磨き   0.11s  gap平均 0.761% → 0.761%   平均距離 0.4566 → 0.4566  相異なる解 32/32  移動距離 0.0000
  SB   磨き   0.12s  gap平均 0.571% → 0.571%   平均距離 0.4493 → 0.4493  相異なる解 32/32  移動距離 0.0000
  PT   磨き   0.11s  gap平均 2.014% → 2.005%   平均距離 0.4809 → 0.4809  相異なる解 32/32  移動距離 0.0001
  GA   磨き   0.11s  gap平均 4.063% → 4.041%   平均距離 0.4872 → 0.4872  相異なる解 32/32  移動距離 0.0074

saved -> results\2026-08-18\solution_diversity\v1_G22_K2000_G55_G70_nt32_main/signs_refined.npz, results_refined.json
