=== combo_hybrid G70 n=10000 bks=9591 num_trials=16 ===
[explorer] CIM b=800 t=0.67s cut_max=9394 mean=9371.1 gap=197.0
[explorer] CAC b=4000 t=0.97s cut_max=9480 mean=9442.0 gap=111.0

[refiner] TS grid=[2000, 8000, 30000, 100000, 300000]
  TS-cold      b=     2000 t=  0.03s max=  8491 mean=   8400.6 gap=1100.0
  TS-cold      b=     8000 t=  0.10s max=  8678 mean=   8622.1 gap=913.0
  TS-cold      b=    30000 t=  0.38s max=  8847 mean=   8806.9 gap=744.0
  TS-cold      b=   100000 t=  1.24s max=  9050 mean=   9030.2 gap=541.0
  TS-cold      b=   300000 t=  3.77s max=  9215 mean=   9186.3 gap=376.0
  CIM→TS     b=     2000 t=  0.03s(+0.67) max=  9499 mean=   9474.8 gap=92.0
  CIM→TS     b=     8000 t=  0.10s(+0.67) max=  9499 mean=   9474.8 gap=92.0
  CIM→TS     b=    30000 t=  0.38s(+0.67) max=  9499 mean=   9474.8 gap=92.0
  CIM→TS     b=   100000 t=  1.26s(+0.67) max=  9499 mean=   9474.8 gap=92.0
  CIM→TS     b=   300000 t=  3.73s(+0.67) max=  9499 mean=   9474.8 gap=92.0
  CAC→TS     b=     2000 t=  0.03s(+0.97) max=  9480 mean=   9442.4 gap=111.0
  CAC→TS     b=     8000 t=  0.10s(+0.97) max=  9480 mean=   9442.4 gap=111.0
  CAC→TS     b=    30000 t=  0.37s(+0.97) max=  9480 mean=   9442.4 gap=111.0
  CAC→TS     b=   100000 t=  1.24s(+0.97) max=  9480 mean=   9442.4 gap=111.0
  CAC→TS     b=   300000 t=  3.76s(+0.97) max=  9480 mean=   9442.4 gap=111.0

[refiner] SA grid=[100000, 300000, 1000000, 3000000, 10000000]
  SA-cold      b=   100000 t=  0.02s max=  9049 mean=   9010.9 gap=542.0
  SA-cold      b=   300000 t=  0.05s max=  9213 mean=   9172.2 gap=378.0
  SA-cold      b=  1000000 t=  0.14s max=  9293 mean=   9264.9 gap=298.0
  SA-cold      b=  3000000 t=  0.39s max=  9370 mean=   9345.4 gap=221.0
  SA-cold      b= 10000000 t=  1.28s max=  9454 mean=   9432.9 gap=137.0
  CIM→SA     b=   100000 t=  0.03s(+0.67) max=  9499 mean=   9475.6 gap=92.0
  CIM→SA     b=   300000 t=  0.04s(+0.67) max=  9504 mean=   9478.9 gap=87.0
  CIM→SA     b=  1000000 t=  0.13s(+0.67) max=  9501 mean=   9472.8 gap=90.0
  CIM→SA     b=  3000000 t=  0.38s(+0.67) max=  9484 mean=   9466.9 gap=107.0
  CIM→SA     b= 10000000 t=  1.25s(+0.67) max=  9506 mean=   9480.6 gap=85.0
  CAC→SA     b=   100000 t=  0.02s(+0.97) max=  9480 mean=   9442.2 gap=111.0
  CAC→SA     b=   300000 t=  0.05s(+0.97) max=  9480 mean=   9442.8 gap=111.0
  CAC→SA     b=  1000000 t=  0.14s(+0.97) max=  9480 mean=   9442.1 gap=111.0
  CAC→SA     b=  3000000 t=  0.39s(+0.97) max=  9480 mean=   9442.1 gap=111.0
  CAC→SA     b= 10000000 t=  1.25s(+0.97) max=  9490 mean=   9452.5 gap=101.0

saved → results\2026-06-19\combo_hybrid\v5_G70_nt16_t4
