refine: ts_iters=20000 (摂動なし: cr=1000000000)

=== G22 (BKS=13359) ===
  baseline 磨き   2.11s  gap平均 0.402% → 0.311%   平均距離 0.3269 → 0.3324  相異なる解 30/32  移動距離 0.0596
  init1e-05 磨き   0.16s  gap平均 0.431% → 0.334%   平均距離 0.3363 → 0.3459  相異なる解 30/32  移動距離 0.0604
  init0.001 磨き   0.17s  gap平均 0.429% → 0.330%   平均距離 0.3361 → 0.3450  相異なる解 30/32  移動距離 0.0607
  init0.1 磨き   0.16s  gap平均 0.429% → 0.334%   平均距離 0.3386 → 0.3467  相異なる解 32/32  移動距離 0.0599
  dp0.25x 磨き   0.17s  gap平均 0.457% → 0.367%   平均距離 0.2972 → 0.2980  相異なる解 12/32  移動距離 0.0565
  dp4x 磨き   0.17s  gap平均 0.914% → 0.506%   平均距離 0.4027 → 0.4038  相異なる解 32/32  移動距離 0.0798
  dp16x 磨き   0.16s  gap平均 1.149% → 0.733%   平均距離 0.4290 → 0.4275  相異なる解 32/32  移動距離 0.1198
  dp64x 磨き   0.15s  gap平均 2.041% → 0.914%   平均距離 0.4537 → 0.4481  相異なる解 32/32  移動距離 0.1846
  noise10x 磨き   0.16s  gap平均 0.389% → 0.304%   平均距離 0.3275 → 0.3314  相異なる解 31/32  移動距離 0.0631
  noise100x 磨き   0.16s  gap平均 0.405% → 0.319%   平均距離 0.3301 → 0.3356  相異なる解 31/32  移動距離 0.0585
  noise1000x 磨き   0.15s  gap平均 0.402% → 0.317%   平均距離 0.3377 → 0.3448  相異なる解 32/32  移動距離 0.0571
  async0.5par 磨き   0.16s  gap平均 0.449% → 0.378%   平均距離 0.3404 → 0.3441  相異なる解 30/32  移動距離 0.0512
  async0.25par 磨き   0.15s  gap平均 0.466% → 0.377%   平均距離 0.3499 → 0.3555  相異なる解 32/32  移動距離 0.0596
  async0.5seq 磨き   0.16s  gap平均 0.478% → 0.375%   平均距離 0.3342 → 0.3395  相異なる解 25/32  移動距離 0.0622
  async0.25seq 磨き   0.16s  gap平均 0.471% → 0.387%   平均距離 0.3590 → 0.3652  相異なる解 32/32  移動距離 0.0518

=== G55 (BKS=10299) ===
  baseline 磨き   0.31s  gap平均 1.156% → 1.148%   平均距離 0.3867 → 0.3869  相異なる解 32/32  移動距離 0.0062
  init1e-05 磨き   0.31s  gap平均 1.134% → 1.125%   平均距離 0.3558 → 0.3559  相異なる解 32/32  移動距離 0.0060
  init0.001 磨き   0.31s  gap平均 1.114% → 1.106%   平均距離 0.3675 → 0.3678  相異なる解 32/32  移動距離 0.0063
  init0.1 磨き   0.31s  gap平均 1.170% → 1.162%   平均距離 0.4125 → 0.4127  相異なる解 32/32  移動距離 0.0050
  dp0.25x 磨き   0.29s  gap平均 1.114% → 1.103%   平均距離 0.2719 → 0.2733  相異なる解 32/32  移動距離 0.0079
  dp4x 磨き   0.28s  gap平均 1.410% → 1.404%   平均距離 0.4231 → 0.4231  相異なる解 32/32  移動距離 0.0039
  dp16x 磨き   0.30s  gap平均 1.920% → 1.910%   平均距離 0.4513 → 0.4512  相異なる解 32/32  移動距離 0.0038
  dp64x 磨き   0.31s  gap平均 2.759% → 2.692%   平均距離 0.4662 → 0.4658  相異なる解 32/32  移動距離 0.0142
  noise10x 磨き   0.31s  gap平均 1.157% → 1.154%   平均距離 0.4017 → 0.4018  相異なる解 32/32  移動距離 0.0020
  noise100x 磨き   0.29s  gap平均 1.217% → 1.206%   平均距離 0.4120 → 0.4122  相異なる解 32/32  移動距離 0.0048
  noise1000x 磨き   0.34s  gap平均 1.153% → 1.149%   平均距離 0.4211 → 0.4210  相異なる解 32/32  移動距離 0.0024
  async0.5par 磨き   0.30s  gap平均 1.189% → 1.181%   平均距離 0.3716 → 0.3719  相異なる解 32/32  移動距離 0.0059
  async0.25par 磨き   0.31s  gap平均 1.186% → 1.179%   平均距離 0.3908 → 0.3909  相異なる解 32/32  移動距離 0.0047
  async0.5seq 磨き   0.29s  gap平均 1.148% → 1.138%   平均距離 0.3642 → 0.3642  相異なる解 32/32  移動距離 0.0067
  async0.25seq 磨き   0.32s  gap平均 1.171% → 1.162%   平均距離 0.3812 → 0.3816  相異なる解 32/32  移動距離 0.0060

=== G70 (BKS=9591) ===
  baseline 磨き   0.56s  gap平均 1.161% → 1.157%   平均距離 0.3810 → 0.3810  相異なる解 32/32  移動距離 0.0000
  init1e-05 磨き   0.53s  gap平均 1.151% → 1.148%   平均距離 0.3761 → 0.3761  相異なる解 32/32  移動距離 0.0000
  init0.001 磨き   0.56s  gap平均 1.151% → 1.148%   平均距離 0.3761 → 0.3761  相異なる解 32/32  移動距離 0.0000
  init0.1 磨き   0.56s  gap平均 1.151% → 1.148%   平均距離 0.3761 → 0.3761  相異なる解 32/32  移動距離 0.0000
  dp0.25x 磨き   0.56s  gap平均 1.438% → 1.046%   平均距離 0.3332 → 0.3333  相異なる解 32/32  移動距離 0.0038
  dp4x 磨き   0.56s  gap平均 1.418% → 1.414%   平均距離 0.4009 → 0.4009  相異なる解 32/32  移動距離 0.0000
  dp16x 磨き   0.55s  gap平均 1.871% → 1.862%   平均距離 0.4478 → 0.4477  相異なる解 32/32  移動距離 0.0004
  dp64x 磨き   0.55s  gap平均 2.503% → 2.453%   平均距離 0.4737 → 0.4737  相異なる解 32/32  移動距離 0.0021
  noise10x 磨き   0.55s  gap平均 1.177% → 1.173%   平均距離 0.3891 → 0.3890  相異なる解 32/32  移動距離 0.0000
  noise100x 磨き   0.54s  gap平均 1.196% → 1.192%   平均距離 0.4004 → 0.4003  相異なる解 32/32  移動距離 0.0000
  noise1000x 磨き   0.59s  gap平均 1.205% → 1.201%   平均距離 0.4139 → 0.4139  相異なる解 32/32  移動距離 0.0000
  async0.5par 磨き   0.55s  gap平均 1.125% → 1.121%   平均距離 0.3705 → 0.3705  相異なる解 32/32  移動距離 0.0000
  async0.25par 磨き   0.55s  gap平均 1.165% → 1.162%   平均距離 0.3718 → 0.3718  相異なる解 32/32  移動距離 0.0000
  async0.5seq 磨き   0.58s  gap平均 1.087% → 1.085%   平均距離 0.3563 → 0.3563  相異なる解 32/32  移動距離 0.0000
  async0.25seq 磨き   0.56s  gap平均 1.197% → 1.193%   平均距離 0.3707 → 0.3707  相異なる解 32/32  移動距離 0.0000

saved -> results\2026-08-23\cim_diversity_ablation\v3_G22_G55_G70_nt32_ex1234_main/signs_refined.npz, results_refined.json
