out_dir = C:\Users\owner\igarashi\cim-cac-maxcut-g22\results\2026-08-23\cim_diversity_ablation\v3_G22_G55_G70_nt32_ex1234_main
datasets=['G22', 'G55', 'G70'] num_trials=32 experiments=[1, 2, 3, 4] 条件数=15

=== G22 (n=2000, BKS=13359, baseline 4800 rounds) ===
  ex0 baseline       rounds=  4800 t=   3.7s  gap平均=  0.402%  平均距離=0.3269  相異なる解=30/32  固定頂点= 0.80%  エントロピー=0.751bit  しきい値round=1838(38%)
  ex1 init1e-05      rounds=  4800 t=   3.8s  gap平均=  0.431%  平均距離=0.3363  相異なる解=30/32  固定頂点= 0.45%  エントロピー=0.782bit  しきい値round=1838(38%)
  ex1 init0.001      rounds=  4800 t=   3.8s  gap平均=  0.429%  平均距離=0.3361  相異なる解=30/32  固定頂点= 0.45%  エントロピー=0.781bit  しきい値round=1838(38%)
  ex1 init0.1        rounds=  4800 t=   3.8s  gap平均=  0.429%  平均距離=0.3386  相異なる解=32/32  固定頂点= 0.70%  エントロピー=0.794bit  しきい値round=1838(38%)
  ex2 dp0.25x        rounds=  4800 t=   3.8s  gap平均=  0.457%  平均距離=0.2972  相異なる解=12/32  固定頂点= 2.55%  エントロピー=0.711bit  しきい値round=7353(100%)
  ex2 dp4x           rounds=  4800 t=   3.9s  gap平均=  0.914%  平均距離=0.4027  相異なる解=32/32  固定頂点= 0.10%  エントロピー=0.900bit  しきい値round=460(10%)
  ex2 dp16x          rounds=  4800 t=   4.1s  gap平均=  1.149%  平均距離=0.4290  相異なる解=32/32  固定頂点= 0.00%  エントロピー=0.942bit  しきい値round=115(2%)
  ex2 dp64x          rounds=  4800 t=   4.2s  gap平均=  2.041%  平均距離=0.4537  相異なる解=32/32  固定頂点= 0.00%  エントロピー=0.953bit  しきい値round=29(1%)
  ex3 noise10x       rounds=  4800 t=   3.7s  gap平均=  0.389%  平均距離=0.3275  相異なる解=31/32  固定頂点= 0.75%  エントロピー=0.752bit  しきい値round=1838(38%)
  ex3 noise100x      rounds=  4800 t=   3.7s  gap平均=  0.405%  平均距離=0.3301  相異なる解=31/32  固定頂点= 0.40%  エントロピー=0.756bit  しきい値round=1838(38%)
  ex3 noise1000x     rounds=  4800 t=   3.7s  gap平均=  0.402%  平均距離=0.3377  相異なる解=32/32  固定頂点= 0.25%  エントロピー=0.773bit  しきい値round=1838(38%)
  ex4 async0.5par    rounds=  9600 t=   7.7s  gap平均=  0.449%  平均距離=0.3404  相異なる解=30/32  固定頂点= 1.70%  エントロピー=0.775bit  しきい値round=3676(38%)
  ex4 async0.25par   rounds= 19200 t=  13.1s  gap平均=  0.466%  平均距離=0.3499  相異なる解=32/32  固定頂点= 2.40%  エントロピー=0.790bit  しきい値round=7353(38%)
  ex4 async0.5seq    rounds=  9600 t=  10.8s  gap平均=  0.478%  平均距離=0.3342  相異なる解=25/32  固定頂点= 1.95%  エントロピー=0.856bit  しきい値round=3676(38%)
  ex4 async0.25seq   rounds= 19200 t=  15.4s  gap平均=  0.471%  平均距離=0.3590  相異なる解=32/32  固定頂点= 1.60%  エントロピー=0.818bit  しきい値round=7353(38%)

=== G55 (n=5000, BKS=10299, baseline 9600 rounds) ===
  ex0 baseline       rounds=  9600 t=  11.4s  gap平均=  1.156%  平均距離=0.3867  相異なる解=32/32  固定頂点= 0.12%  エントロピー=0.867bit  しきい値round=3535(37%)
  ex1 init1e-05      rounds=  9600 t=  11.4s  gap平均=  1.134%  平均距離=0.3558  相異なる解=32/32  固定頂点= 1.76%  エントロピー=0.790bit  しきい値round=3535(37%)
  ex1 init0.001      rounds=  9600 t=  11.4s  gap平均=  1.114%  平均距離=0.3675  相異なる解=32/32  固定頂点= 0.08%  エントロピー=0.851bit  しきい値round=3535(37%)
  ex1 init0.1        rounds=  9600 t=  11.7s  gap平均=  1.170%  平均距離=0.4125  相異なる解=32/32  固定頂点= 0.00%  エントロピー=0.918bit  しきい値round=3535(37%)
  ex2 dp0.25x        rounds=  9600 t=  11.5s  gap平均=  1.114%  平均距離=0.2719  相異なる解=32/32  固定頂点=13.58%  エントロピー=0.605bit  しきい値round=14142(100%)
  ex2 dp4x           rounds=  9600 t=  11.3s  gap平均=  1.410%  平均距離=0.4231  相異なる解=32/32  固定頂点= 0.00%  エントロピー=0.919bit  しきい値round=884(9%)
  ex2 dp16x          rounds=  9600 t=  12.0s  gap平均=  1.920%  平均距離=0.4513  相異なる解=32/32  固定頂点= 0.00%  エントロピー=0.954bit  しきい値round=221(2%)
  ex2 dp64x          rounds=  9600 t=  13.0s  gap平均=  2.759%  平均距離=0.4662  相異なる解=32/32  固定頂点= 0.00%  エントロピー=0.966bit  しきい値round=55(1%)
  ex3 noise10x       rounds=  9600 t=  11.1s  gap平均=  1.157%  平均距離=0.4017  相異なる解=32/32  固定頂点= 0.06%  エントロピー=0.909bit  しきい値round=3535(37%)
  ex3 noise100x      rounds=  9600 t=  11.3s  gap平均=  1.217%  平均距離=0.4120  相異なる解=32/32  固定頂点= 0.00%  エントロピー=0.921bit  しきい値round=3535(37%)
  ex3 noise1000x     rounds=  9600 t=  11.5s  gap平均=  1.153%  平均距離=0.4211  相異なる解=32/32  固定頂点= 0.02%  エントロピー=0.924bit  しきい値round=3535(37%)
  ex4 async0.5par    rounds= 19200 t=  23.3s  gap平均=  1.189%  平均距離=0.3716  相異なる解=32/32  固定頂点= 0.12%  エントロピー=0.894bit  しきい値round=7071(37%)
  ex4 async0.25par   rounds= 38400 t=  32.5s  gap平均=  1.186%  平均距離=0.3908  相異なる解=32/32  固定頂点= 0.34%  エントロピー=0.875bit  しきい値round=14142(37%)
  ex4 async0.5seq    rounds= 19200 t=  32.0s  gap平均=  1.148%  平均距離=0.3642  相異なる解=32/32  固定頂点= 0.32%  エントロピー=0.827bit  しきい値round=7071(37%)
  ex4 async0.25seq   rounds= 38400 t=  40.9s  gap平均=  1.171%  平均距離=0.3812  相異なる解=32/32  固定頂点= 0.46%  エントロピー=0.886bit  しきい値round=14142(37%)

=== G70 (n=10000, BKS=9591, baseline 4800 rounds) ===
  ex0 baseline       rounds=  4800 t=  10.1s  gap平均=  1.161%  平均距離=0.3810  相異なる解=32/32  固定頂点= 1.33%  エントロピー=0.825bit  しきい値round=4404(92%)
  ex1 init1e-05      rounds=  4800 t=   9.9s  gap平均=  1.151%  平均距離=0.3761  相異なる解=32/32  固定頂点= 9.72%  エントロピー=0.779bit  しきい値round=4404(92%)
  ex1 init0.001      rounds=  4800 t=   9.7s  gap平均=  1.151%  平均距離=0.3761  相異なる解=32/32  固定頂点= 9.72%  エントロピー=0.779bit  しきい値round=4404(92%)
  ex1 init0.1        rounds=  4800 t=   9.6s  gap平均=  1.151%  平均距離=0.3761  相異なる解=32/32  固定頂点= 9.72%  エントロピー=0.779bit  しきい値round=4404(92%)
  ex2 dp0.25x        rounds=  4800 t=   9.6s  gap平均=  1.438%  平均距離=0.3332  相異なる解=32/32  固定頂点=19.70%  エントロピー=0.684bit  しきい値round=17614(100%)
  ex2 dp4x           rounds=  4800 t=   9.7s  gap平均=  1.418%  平均距離=0.4009  相異なる解=32/32  固定頂点= 0.00%  エントロピー=0.905bit  しきい値round=1101(23%)
  ex2 dp16x          rounds=  4800 t=  10.7s  gap平均=  1.871%  平均距離=0.4478  相異なる解=32/32  固定頂点= 0.00%  エントロピー=0.949bit  しきい値round=275(6%)
  ex2 dp64x          rounds=  4800 t=  11.8s  gap平均=  2.503%  平均距離=0.4737  相異なる解=32/32  固定頂点= 0.00%  エントロピー=0.968bit  しきい値round=69(1%)
  ex3 noise10x       rounds=  4800 t=   9.9s  gap平均=  1.177%  平均距離=0.3891  相異なる解=32/32  固定頂点= 1.55%  エントロピー=0.843bit  しきい値round=4404(92%)
  ex3 noise100x      rounds=  4800 t=   9.7s  gap平均=  1.196%  平均距離=0.4004  相異なる解=32/32  固定頂点= 0.00%  エントロピー=0.870bit  しきい値round=4404(92%)
  ex3 noise1000x     rounds=  4800 t=   9.6s  gap平均=  1.205%  平均距離=0.4139  相異なる解=32/32  固定頂点= 0.07%  エントロピー=0.904bit  しきい値round=4404(92%)
  ex4 async0.5par    rounds=  9600 t=  20.3s  gap平均=  1.125%  平均距離=0.3705  相異なる解=32/32  固定頂点= 2.04%  エントロピー=0.801bit  しきい値round=8807(92%)
  ex4 async0.25par   rounds= 19200 t=  27.5s  gap平均=  1.165%  平均距離=0.3718  相異なる解=32/32  固定頂点= 0.00%  エントロピー=0.875bit  しきい値round=17614(92%)
  ex4 async0.5seq    rounds=  9600 t=  27.2s  gap平均=  1.087%  平均距離=0.3563  相異なる解=32/32  固定頂点= 4.24%  エントロピー=0.771bit  しきい値round=8807(92%)
  ex4 async0.25seq   rounds= 19200 t=  33.8s  gap平均=  1.197%  平均距離=0.3707  相異なる解=32/32  固定頂点= 9.88%  エントロピー=0.777bit  しきい値round=17614(92%)

saved -> C:\Users\owner\igarashi\cim-cac-maxcut-g22\results\2026-08-23\cim_diversity_ablation\v3_G22_G55_G70_nt32_ex1234_main
