=== anytime_single v5 ===
datasets=['G22', 'K2000', 'G55', 'G70'] algos=['CIM', 'CAC', 'SA', 'SB', 'PT', 'GA'] num_trials=16

[G22] loading...
[G22] n=2000 edges=19990 bks=13359
  --- CIM ---
    CIM  b=      150 t=  0.05s  mean=  11481.7  max= 11838  gap=1521.0
    CIM  b=      300 t=  0.09s  mean=  13059.4  max= 13113  gap= 246.0
    CIM  b=      600 t=  0.19s  mean=  13247.5  max= 13270  gap=  89.0
    CIM  b=     1200 t=  0.36s  mean=  13307.6  max= 13341  gap=  18.0
    CIM  b=     2400 t=  0.72s  mean=  13309.4  max= 13342  gap=  17.0
    CIM  b=     4800 t=  1.50s  mean=  13309.4  max= 13342  gap=  17.0
  --- CAC ---
    CAC  b=      500 t=  0.09s  mean=  13284.8  max= 13308  gap=  51.0
    CAC  b=     1500 t=  0.25s  mean=  13318.0  max= 13342  gap=  17.0
    CAC  b=     4000 t=  0.67s  mean=  13337.9  max= 13356  gap=   3.0
    CAC  b=    12000 t=  2.08s  mean=  13343.4  max= 13356  gap=   3.0
    CAC  b=    35000 t=  5.80s  mean=  13346.9  max= 13357  gap=   2.0
    CAC  b=    80000 t= 13.35s  mean=  13353.6  max= 13358  gap=   1.0
  --- SA ---
    SA   b=    30000 t=  0.02s  mean=  12988.2  max= 13012  gap= 347.0
    SA   b=   100000 t=  0.03s  mean=  13071.1  max= 13115  gap= 244.0
    SA   b=   300000 t=  0.07s  mean=  13172.1  max= 13221  gap= 138.0
    SA   b=  1000000 t=  0.22s  mean=  13255.7  max= 13312  gap=  47.0
    SA   b=  3000000 t=  0.62s  mean=  13293.4  max= 13314  gap=  45.0
    SA   b= 10000000 t=  2.05s  mean=  13328.3  max= 13354  gap=   5.0
  --- SB ---
    SB   b=      150 t=  0.03s  mean=  13222.0  max= 13270  gap=  89.0
    SB   b=      400 t=  0.08s  mean=  13280.7  max= 13331  gap=  28.0
    SB   b=     1000 t=  0.19s  mean=  13308.2  max= 13336  gap=  23.0
    SB   b=     2500 t=  0.48s  mean=  13340.8  max= 13357  gap=   2.0
    SB   b=     6000 t=  1.14s  mean=  13349.1  max= 13358  gap=   1.0
    SB   b=    15000 t=  2.89s  mean=  13353.7  max= 13358  gap=   1.0
  --- PT ---
    PT   b=       30 t=  0.35s  mean=  13128.4  max= 13203  gap= 156.0
    PT   b=       80 t=  0.92s  mean=  13191.5  max= 13235  gap= 124.0
    PT   b=      200 t=  2.32s  mean=  13246.1  max= 13308  gap=  51.0
    PT   b=      600 t=  6.83s  mean=  13273.8  max= 13309  gap=  50.0
    PT   b=     1800 t= 20.49s  mean=  13302.9  max= 13323  gap=  36.0
  --- GA ---
    GA   b=        3 t=  0.92s  mean=  13276.4  max= 13329  gap=  30.0
    GA   b=        8 t=  1.28s  mean=  13290.2  max= 13329  gap=  30.0
    GA   b=       20 t=  2.15s  mean=  13313.8  max= 13334  gap=  25.0
    GA   b=       50 t=  4.39s  mean=  13327.9  max= 13357  gap=   2.0
    GA   b=      120 t=  9.53s  mean=  13332.2  max= 13358  gap=   1.0

[K2000] loading...
[K2000] n=2000 edges=1999000 bks=33337
  --- CIM ---
    CIM  b=      150 t=  3.94s  mean=  32097.8  max= 32338  gap= 999.0
    CIM  b=      300 t=  7.49s  mean=  32254.8  max= 32446  gap= 891.0
    CIM  b=      600 t= 13.81s  mean=  32335.1  max= 32514  gap= 823.0
    CIM  b=     1200 t= 27.01s  mean=  32372.1  max= 32525  gap= 812.0
    CIM  b=     2400 t= 54.33s  mean=  32377.8  max= 32543  gap= 794.0
    CIM  batch>45.0s → 以後の大予算スキップ
  --- CAC ---
    CAC  b=      500 t=  9.66s  mean=  26211.4  max= 31862  gap=1475.0
    CAC  b=     1500 t= 28.99s  mean=  26617.1  max= 32364  gap= 973.0
    CAC  b=     4000 t= 77.08s  mean=  27338.0  max= 32364  gap= 973.0
    CAC  batch>45.0s → 以後の大予算スキップ
  --- SA ---
    SA   b=    30000 t=  1.40s  mean=  29498.6  max= 29797  gap=3540.0
    SA   b=   100000 t=  2.00s  mean=  30375.4  max= 31130  gap=2207.0
    SA   b=   300000 t=  3.76s  mean=  30623.2  max= 31306  gap=2031.0
    SA   b=  1000000 t=  9.34s  mean=  30873.4  max= 31306  gap=2031.0
    SA   b=  3000000 t= 27.11s  mean=  31049.4  max= 31687  gap=1650.0
    SA   b= 10000000 t= 86.56s  mean=  31544.9  max= 31989  gap=1348.0
    SA   batch>45.0s → 以後の大予算スキップ
  --- SB ---
    SB   b=      150 t=  3.67s  mean=  32173.2  max= 32506  gap= 831.0
    SB   b=      400 t=  9.69s  mean=  32723.1  max= 33010  gap= 327.0
    SB   b=     1000 t= 22.86s  mean=  33030.2  max= 33256  gap=  81.0
    SB   b=     2500 t= 56.25s  mean=  33138.5  max= 33292  gap=  45.0
    SB   batch>45.0s → 以後の大予算スキップ
  --- PT ---
    PT   b=       30 t= 19.42s  mean=  31008.0  max= 31433  gap=1904.0
    PT   b=       80 t= 49.11s  mean=  31335.2  max= 31946  gap=1391.0
    PT   batch>45.0s → 以後の大予算スキップ
  --- GA ---
    GA   b=        3 t=  5.01s  mean=  32981.4  max= 33133  gap= 204.0
    GA   b=        8 t=  7.03s  mean=  33079.9  max= 33229  gap= 108.0
    GA   b=       20 t= 11.37s  mean=  33143.4  max= 33257  gap=  80.0
    GA   b=       50 t= 23.38s  mean=  33215.6  max= 33262  gap=  75.0
    GA   b=      120 t= 53.57s  mean=  33229.2  max= 33280  gap=  57.0
    GA   batch>45.0s → 以後の大予算スキップ

[G55] loading...
[G55] n=5000 edges=12498 bks=10299
  --- CIM ---
    CIM  b=      150 t=  0.07s  mean=   7121.8  max=  7969  gap=2330.0
    CIM  b=      300 t=  0.14s  mean=   7121.8  max=  7969  gap=2330.0
    CIM  b=      600 t=  0.29s  mean=   7121.8  max=  7969  gap=2330.0
    CIM  b=     1200 t=  0.58s  mean=   7121.8  max=  7969  gap=2330.0
    CIM  b=     2400 t=  1.21s  mean=   7121.8  max=  7969  gap=2330.0
    CIM  b=     4800 t=  2.33s  mean=   7121.8  max=  7969  gap=2330.0
  --- CAC ---
    CAC  b=      500 t=  0.09s  mean=  10119.6  max= 10179  gap= 120.0
    CAC  b=     1500 t=  0.25s  mean=  10169.3  max= 10215  gap=  84.0
    CAC  b=     4000 t=  0.66s  mean=  10204.0  max= 10237  gap=  62.0
    CAC  b=    12000 t=  2.10s  mean=  10231.5  max= 10246  gap=  53.0
    CAC  b=    35000 t=  6.94s  mean=  10250.1  max= 10269  gap=  30.0
    CAC  b=    80000 t= 16.56s  mean=  10260.4  max= 10269  gap=  30.0
  --- SA ---
    SA   b=    30000 t=  0.01s  mean=   9629.2  max=  9661  gap= 638.0
    SA   b=   100000 t=  0.02s  mean=   9871.6  max=  9905  gap= 394.0
    SA   b=   300000 t=  0.06s  mean=   9993.7  max= 10032  gap= 267.0
    SA   b=  1000000 t=  0.17s  mean=  10084.8  max= 10126  gap= 173.0
    SA   b=  3000000 t=  0.52s  mean=  10174.8  max= 10201  gap=  98.0
    SA   b= 10000000 t=  1.61s  mean=  10221.1  max= 10237  gap=  62.0
  --- SB ---
    SB   b=      150 t=  0.03s  mean=  10123.7  max= 10173  gap= 126.0
    SB   b=      400 t=  0.08s  mean=  10185.9  max= 10209  gap=  90.0
    SB   b=     1000 t=  0.19s  mean=  10223.8  max= 10251  gap=  48.0
    SB   b=     2500 t=  0.47s  mean=  10250.3  max= 10278  gap=  21.0
    SB   b=     6000 t=  1.12s  mean=  10263.8  max= 10281  gap=  18.0
    SB   b=    15000 t=  2.79s  mean=  10271.5  max= 10287  gap=  12.0
  --- PT ---
    PT   b=       30 t=  0.81s  mean=   9991.1  max= 10036  gap= 263.0
    PT   b=       80 t=  2.13s  mean=  10096.0  max= 10130  gap= 169.0
    PT   b=      200 t=  5.28s  mean=  10142.7  max= 10176  gap= 123.0
    PT   b=      600 t= 15.76s  mean=  10195.2  max= 10223  gap=  76.0
    PT   b=     1800 t= 47.29s  mean=  10226.7  max= 10246  gap=  53.0
    PT   batch>45.0s → 以後の大予算スキップ
  --- GA ---
    GA   b=        3 t=  3.49s  mean=   9832.5  max=  9869  gap= 430.0
    GA   b=        8 t=  4.91s  mean=   9911.2  max=  9959  gap= 340.0
    GA   b=       20 t=  8.13s  mean=   9994.2  max= 10035  gap= 264.0
    GA   b=       50 t= 16.67s  mean=  10104.9  max= 10129  gap= 170.0
    GA   b=      120 t= 35.68s  mean=  10169.8  max= 10202  gap=  97.0

[G70] loading...
[G70] n=10000 edges=9999 bks=9591
  --- CIM ---
    CIM  b=      150 t=  0.13s  mean=   5495.8  max=  5544  gap=4047.0
    CIM  b=      300 t=  0.26s  mean=   9071.6  max=  9111  gap= 480.0
    CIM  b=      600 t=  0.53s  mean=   9316.8  max=  9343  gap= 248.0
    CIM  b=     1200 t=  1.02s  mean=   9436.7  max=  9459  gap= 132.0
    CIM  b=     2400 t=  2.05s  mean=   9478.3  max=  9501  gap=  90.0
    CIM  b=     4800 t=  4.09s  mean=   9478.3  max=  9501  gap=  90.0
  --- CAC ---
    CAC  b=      500 t=  0.13s  mean=   9391.1  max=  9424  gap= 167.0
    CAC  b=     1500 t=  0.38s  mean=   9430.6  max=  9470  gap= 121.0
    CAC  b=     4000 t=  1.01s  mean=   9442.0  max=  9480  gap= 111.0
    CAC  b=    12000 t=  7.71s  mean=   9448.8  max=  9480  gap= 111.0
    CAC  b=    35000 t= 53.82s  mean=   9452.2  max=  9483  gap= 108.0
    CAC  batch>45.0s → 以後の大予算スキップ
  --- SA ---
    SA   b=    30000 t=  0.01s  mean=   8489.6  max=  8538  gap=1053.0
    SA   b=   100000 t=  0.02s  mean=   9010.9  max=  9049  gap= 542.0
    SA   b=   300000 t=  0.05s  mean=   9172.2  max=  9213  gap= 378.0
    SA   b=  1000000 t=  0.13s  mean=   9264.9  max=  9293  gap= 298.0
    SA   b=  3000000 t=  0.39s  mean=   9345.4  max=  9370  gap= 221.0
    SA   b= 10000000 t=  1.28s  mean=   9432.9  max=  9454  gap= 137.0
  --- SB ---
    SB   b=      150 t=  0.05s  mean=   9327.8  max=  9346  gap= 245.0
    SB   b=      400 t=  0.13s  mean=   9407.2  max=  9433  gap= 158.0
    SB   b=     1000 t=  0.33s  mean=   9453.9  max=  9469  gap= 122.0
    SB   b=     2500 t=  0.82s  mean=   9486.4  max=  9511  gap=  80.0
    SB   b=     6000 t=  1.95s  mean=   9505.9  max=  9519  gap=  72.0
    SB   b=    15000 t=  4.86s  mean=   9522.1  max=  9538  gap=  53.0
  --- PT ---
    PT   b=       30 t=  1.59s  mean=   9266.2  max=  9287  gap= 304.0
    PT   b=       80 t=  4.01s  mean=   9355.9  max=  9384  gap= 207.0
    PT   b=      200 t= 10.58s  mean=   9409.9  max=  9429  gap= 162.0
    PT   b=      600 t= 29.74s  mean=   9461.5  max=  9493  gap=  98.0
    PT   b=     1800 t= 89.46s  mean=   9500.7  max=  9540  gap=  51.0
    PT   batch>45.0s → 以後の大予算スキップ
  --- GA ---
    GA   b=        3 t=  9.78s  mean=   9068.6  max=  9133  gap= 458.0
    GA   b=        8 t= 16.31s  mean=   9109.0  max=  9162  gap= 429.0
    GA   b=       20 t= 22.71s  mean=   9183.8  max=  9227  gap= 364.0
    GA   b=       50 t= 46.11s  mean=   9293.5  max=  9338  gap= 253.0
    GA   batch>45.0s → 以後の大予算スキップ

saved → results\2026-06-19\anytime_single\v5_G22_K2000_G55_G70_nt16_t4
