=== combo_hybrid G55 n=5000 bks=10299 num_trials=16 ===
[explorer] CIM b=800 t=0.39s cut_max=10211 mean=10161.1 gap=88.0
[explorer] CAC b=4000 t=0.66s cut_max=10237 mean=10204.0 gap=62.0

[refiner] TS grid=[2000, 8000, 30000, 100000, 300000]
  TS-cold      b=     2000 t=  0.02s max=  9534 mean=   9493.9 gap=765.0
  TS-cold      b=     8000 t=  0.06s max=  9634 mean=   9581.8 gap=665.0
  TS-cold      b=    30000 t=  0.20s max=  9726 mean=   9676.9 gap=573.0
  TS-cold      b=   100000 t=  0.67s max=  9889 mean=   9842.4 gap=410.0
  TS-cold      b=   300000 t=  2.02s max= 10068 mean=  10003.0 gap=231.0
  CIM→TS     b=     2000 t=  0.02s(+0.39) max= 10220 mean=  10180.3 gap=79.0
  CIM→TS     b=     8000 t=  0.06s(+0.39) max= 10220 mean=  10181.5 gap=79.0
  CIM→TS     b=    30000 t=  0.20s(+0.39) max= 10220 mean=  10181.8 gap=79.0
  CIM→TS     b=   100000 t=  0.69s(+0.39) max= 10220 mean=  10182.0 gap=79.0
  CIM→TS     b=   300000 t=  2.05s(+0.39) max= 10229 mean=  10186.3 gap=70.0
  CAC→TS     b=     2000 t=  0.02s(+0.66) max= 10244 mean=  10213.1 gap=55.0
  CAC→TS     b=     8000 t=  0.06s(+0.66) max= 10244 mean=  10213.9 gap=55.0
  CAC→TS     b=    30000 t=  0.21s(+0.66) max= 10244 mean=  10214.2 gap=55.0
  CAC→TS     b=   100000 t=  0.69s(+0.66) max= 10244 mean=  10214.3 gap=55.0
  CAC→TS     b=   300000 t=  2.06s(+0.66) max= 10244 mean=  10215.4 gap=55.0

[refiner] SA grid=[100000, 300000, 1000000, 3000000, 10000000]
  SA-cold      b=   100000 t=  0.02s max=  9905 mean=   9871.6 gap=394.0
  SA-cold      b=   300000 t=  0.06s max= 10032 mean=   9993.7 gap=267.0
  SA-cold      b=  1000000 t=  0.17s max= 10126 mean=  10084.8 gap=173.0
  SA-cold      b=  3000000 t=  0.48s max= 10201 mean=  10174.8 gap=98.0
  SA-cold      b= 10000000 t=  1.59s max= 10237 mean=  10221.1 gap=62.0
  CIM→SA     b=   100000 t=  0.02s(+0.39) max= 10224 mean=  10187.8 gap=75.0
  CIM→SA     b=   300000 t=  0.06s(+0.39) max= 10229 mean=  10191.8 gap=70.0
  CIM→SA     b=  1000000 t=  0.16s(+0.39) max= 10227 mean=  10195.5 gap=72.0
  CIM→SA     b=  3000000 t=  0.48s(+0.39) max= 10234 mean=  10205.7 gap=65.0
  CIM→SA     b= 10000000 t=  1.56s(+0.39) max= 10247 mean=  10224.5 gap=52.0
  CAC→SA     b=   100000 t=  0.02s(+0.66) max= 10246 mean=  10216.7 gap=53.0
  CAC→SA     b=   300000 t=  0.05s(+0.66) max= 10245 mean=  10217.1 gap=54.0
  CAC→SA     b=  1000000 t=  0.16s(+0.66) max= 10248 mean=  10217.3 gap=51.0
  CAC→SA     b=  3000000 t=  0.47s(+0.66) max= 10246 mean=  10222.8 gap=53.0
  CAC→SA     b= 10000000 t=  1.55s(+0.66) max= 10253 mean=  10229.4 gap=46.0

saved → results\2026-06-19\combo_hybrid\v6_G55_nt16_t4fix
