=== combo_hybrid G22 n=2000 bks=13359 num_trials=16 ===
[explorer] CIM b=800 t=0.22s cut_max=13308 mean=13283.3 gap=51.0
[explorer] CAC b=4000 t=0.43s cut_max=13356 mean=13337.9 gap=3.0

[refiner] TS grid=[2000, 8000, 30000, 100000, 300000]
  TS-cold      b=     2000 t=  0.01s max= 13134 mean=  13055.4 gap=225.0
  TS-cold      b=     8000 t=  0.02s max= 13231 mean=  13165.2 gap=128.0
  TS-cold      b=    30000 t=  0.06s max= 13296 mean=  13227.5 gap=63.0
  TS-cold      b=   100000 t=  0.16s max= 13320 mean=  13258.6 gap=39.0
  TS-cold      b=   300000 t=  0.42s max= 13325 mean=  13282.1 gap=34.0
  CIM→TS     b=     2000 t=  0.01s(+0.22) max= 13344 mean=  13311.1 gap=15.0
  CIM→TS     b=     8000 t=  0.02s(+0.22) max= 13356 mean=  13315.8 gap=3.0
  CIM→TS     b=    30000 t=  0.06s(+0.22) max= 13356 mean=  13323.4 gap=3.0
  CIM→TS     b=   100000 t=  0.18s(+0.22) max= 13356 mean=  13327.1 gap=3.0
  CIM→TS     b=   300000 t=  0.46s(+0.22) max= 13358 mean=  13331.7 gap=1.0
  CAC→TS     b=     2000 t=  0.01s(+0.43) max= 13357 mean=  13341.4 gap=2.0
  CAC→TS     b=     8000 t=  0.03s(+0.43) max= 13358 mean=  13342.2 gap=1.0
  CAC→TS     b=    30000 t=  0.06s(+0.43) max= 13358 mean=  13343.4 gap=1.0
  CAC→TS     b=   100000 t=  0.18s(+0.43) max= 13358 mean=  13348.1 gap=1.0
  CAC→TS     b=   300000 t=  0.46s(+0.43) max= 13358 mean=  13349.7 gap=1.0

[refiner] SA grid=[100000, 300000, 1000000, 3000000, 10000000]
  SA-cold      b=   100000 t=  0.03s max= 13115 mean=  13071.1 gap=244.0
  SA-cold      b=   300000 t=  0.06s max= 13221 mean=  13172.1 gap=138.0
  SA-cold      b=  1000000 t=  0.14s max= 13312 mean=  13255.7 gap=47.0
  SA-cold      b=  3000000 t=  0.35s max= 13314 mean=  13293.4 gap=45.0
  SA-cold      b= 10000000 t=  1.07s max= 13354 mean=  13328.3 gap=5.0
  CIM→SA     b=   100000 t=  0.04s(+0.22) max= 13335 mean=  13306.2 gap=24.0
  CIM→SA     b=   300000 t=  0.06s(+0.22) max= 13334 mean=  13308.2 gap=25.0
  CIM→SA     b=  1000000 t=  0.14s(+0.22) max= 13342 mean=  13311.8 gap=17.0
  CIM→SA     b=  3000000 t=  0.35s(+0.22) max= 13351 mean=  13315.8 gap=8.0
  CIM→SA     b= 10000000 t=  1.11s(+0.22) max= 13351 mean=  13320.9 gap=8.0
  CAC→SA     b=   100000 t=  0.03s(+0.43) max= 13357 mean=  13340.4 gap=2.0
  CAC→SA     b=   300000 t=  0.06s(+0.43) max= 13357 mean=  13340.9 gap=2.0
  CAC→SA     b=  1000000 t=  0.15s(+0.43) max= 13357 mean=  13341.0 gap=2.0
  CAC→SA     b=  3000000 t=  0.35s(+0.43) max= 13357 mean=  13341.8 gap=2.0
  CAC→SA     b= 10000000 t=  1.10s(+0.43) max= 13357 mean=  13342.1 gap=2.0

saved → results\2026-06-19\combo_hybrid\v1_G22_nt16_tuned
