out_dir = results\2026-08-18\solution_diversity\v1_G22_K2000_G55_G70_nt32_main
datasets=['G22', 'K2000', 'G55', 'G70'] algos=['CIM', 'CAC', 'SA', 'SB', 'PT', 'GA'] num_trials=32

=== G22 (BKS=13359, 目標 20s/バッチ) ===
    CIM  b=      150 t=   0.10s  mean=  11562.2 max=  11838
    CIM  b=      300 t=   0.40s  mean=  13067.1 max=  13131
    CIM  b=      600 t=   1.41s  mean=  13245.2 max=  13285
    CIM  b=     1200 t=   2.82s  mean=  13303.3 max=  13341
    CIM  b=     2400 t=   5.77s  mean=  13305.3 max=  13342
    CIM  b=     4800 t=  11.26s  mean=  13305.3 max=  13342
    CIM  b=     9600 t=  22.65s  mean=  13305.3 max=  13342
  -> CIM  採用 b=4800 t=11.26s  gap平均=0.402% 平均距離=0.3269 相異なる解=30/32 固定頂点=0.8% エントロピー=0.751bit
    CAC  b=      500 t=   0.98s  mean=  13282.6 max=  13333
    CAC  b=     1500 t=   2.87s  mean=  13318.0 max=  13346
    CAC  b=     4000 t=   7.59s  mean=  13335.6 max=  13356
    CAC  b=    12000 t=  22.74s  mean=  13342.6 max=  13358
  -> CAC  採用 b=4000 t=7.59s  gap平均=0.175% 平均距離=0.2137 相異なる解=32/32 固定頂点=33.5% エントロピー=0.490bit
    SA   b=    30000 t=   0.06s  mean=  12999.3 max=  13093
    SA   b=   100000 t=   0.11s  mean=  13144.5 max=  13232
    SA   b=   300000 t=   0.32s  mean=  13223.7 max=  13269
    SA   b=  1000000 t=   0.95s  mean=  13296.8 max=  13339
    SA   b=  3000000 t=   2.80s  mean=  13323.7 max=  13358
    SA   b= 10000000 t=   9.29s  mean=  13342.2 max=  13358
    SA   b= 30000000 t=  27.76s  mean=  13352.9 max=  13358
  -> SA   採用 b=10000000 t=9.29s  gap平均=0.126% 平均距離=0.2550 相異なる解=32/32 固定頂点=15.8% エントロピー=0.575bit
    SB   b=      150 t=   0.30s  mean=  13260.9 max=  13302
    SB   b=      400 t=   0.78s  mean=  13301.2 max=  13337
    SB   b=     1000 t=   1.96s  mean=  13331.0 max=  13354
    SB   b=     2500 t=   4.83s  mean=  13345.8 max=  13358
    SB   b=     6000 t=  11.60s  mean=  13349.4 max=  13358
    SB   b=    15000 t=  29.05s  mean=  13353.1 max=  13358
  -> SB   採用 b=6000 t=11.60s  gap平均=0.072% 平均距離=0.1595 相異なる解=32/32 固定頂点=35.8% エントロピー=0.382bit
    PT   b=       30 t=   3.37s  mean=  13157.4 max=  13198
    PT   b=       80 t=   8.92s  mean=  13249.8 max=  13288
    PT   b=      200 t=  22.18s  mean=  13299.7 max=  13325
  -> PT   採用 b=80 t=8.92s  gap平均=0.818% 平均距離=0.4144 相異なる解=32/32 固定頂点=0.1% エントロピー=0.894bit
    GA   b=        3 t=   7.77s  mean=  13329.5 max=  13357
    GA   b=        8 t=  10.01s  mean=  13340.2 max=  13357
    GA   b=       20 t=  15.62s  mean=  13348.3 max=  13358
    GA   b=       50 t=  29.43s  mean=  13357.2 max=  13359
  -> GA   採用 b=20 t=15.62s  gap平均=0.080% 平均距離=0.1754 相異なる解=32/32 固定頂点=43.5% エントロピー=0.406bit

=== K2000 (BKS=33337, 目標 120s/バッチ) ===
    CIM  b=      150 t=  30.61s  mean=  32118.2 max=  32476
    CIM  b=      300 t=  61.08s  mean=  32264.2 max=  32608
    CIM  b=      600 t= 120.18s  mean=  32340.1 max=  32701
  -> CIM  採用 b=300 t=61.08s  gap平均=3.218% 平均距離=0.4457 相異なる解=32/32 固定頂点=0.1% エントロピー=0.944bit
    CAC  b=      500 t=  97.44s  mean=  24645.0 max=  31912
    CAC  b=     1500 t= 291.56s  mean=  27580.8 max=  32364
  -> CAC  採用 b=500 t=97.44s  gap平均=26.073% 平均距離=0.4729 相異なる解=32/32 固定頂点=0.0% エントロピー=0.965bit
    SA   b=    30000 t=   3.96s  mean=  29609.3 max=  30646
    SA   b=   100000 t=   8.09s  mean=  30571.2 max=  31092
    SA   b=   300000 t=  19.86s  mean=  31075.1 max=  31510
    SA   b=  1000000 t=  61.08s  mean=  31534.5 max=  32084
    SA   b=  3000000 t= 184.16s  mean=  31911.8 max=  32532
  -> SA   採用 b=1000000 t=61.08s  gap平均=5.407% 平均距離=0.4653 相異なる解=32/32 固定頂点=0.0% エントロピー=0.969bit
    SB   b=      150 t=  30.80s  mean=  32903.0 max=  33129
    SB   b=      400 t=  79.37s  mean=  33165.4 max=  33278
    SB   b=     1000 t= 198.27s  mean=  33204.6 max=  33221
  -> SB   採用 b=400 t=79.37s  gap平均=0.515% 平均距離=0.3134 相異なる解=31/32 固定頂点=15.6% エントロピー=0.662bit
    PT   b=       30 t= 159.35s  mean=  31093.4 max=  31366
  -> PT   採用 b=30 t=159.35s  gap平均=6.730% 平均距離=0.4657 相異なる解=32/32 固定頂点=0.0% エントロピー=0.964bit
    GA   b=        3 t=  40.29s  mean=  33102.1 max=  33248
    GA   b=        8 t=  58.38s  mean=  33155.5 max=  33278
    GA   b=       20 t= 101.37s  mean=  33212.7 max=  33337
    GA   b=       50 t= 205.27s  mean=  33261.9 max=  33337
  -> GA   採用 b=20 t=101.37s  gap平均=0.373% 平均距離=0.3752 相異なる解=32/32 固定頂点=3.6% エントロピー=0.796bit

=== G55 (BKS=10299, 目標 30s/バッチ) ===
    CIM  b=      150 t=   0.35s  mean=   9782.1 max=   9839
    CIM  b=      300 t=   0.68s  mean=  10009.7 max=  10050
    CIM  b=      600 t=   1.36s  mean=  10126.7 max=  10179
    CIM  b=     1200 t=   2.79s  mean=  10174.5 max=  10220
    CIM  b=     2400 t=   5.44s  mean=  10179.8 max=  10225
    CIM  b=     4800 t=  10.96s  mean=  10180.0 max=  10225
    CIM  b=     9600 t=  21.74s  mean=  10180.0 max=  10225
    CIM  b=    19200 t=  43.60s  mean=  10180.0 max=  10225
  -> CIM  採用 b=9600 t=21.74s  gap平均=1.156% 平均距離=0.3867 相異なる解=32/32 固定頂点=0.1% エントロピー=0.867bit
    CAC  b=      500 t=   0.58s  mean=  10119.4 max=  10179
    CAC  b=     1500 t=   1.73s  mean=  10170.2 max=  10215
    CAC  b=     4000 t=   4.58s  mean=  10203.3 max=  10237
    CAC  b=    12000 t=  14.65s  mean=  10232.4 max=  10249
    CAC  b=    35000 t=  49.47s  mean=  10248.8 max=  10269
  -> CAC  採用 b=12000 t=14.65s  gap平均=0.646% 平均距離=0.4378 相異なる解=32/32 固定頂点=0.0% エントロピー=0.928bit
    SA   b=    30000 t=   0.03s  mean=   9602.0 max=   9670
    SA   b=   100000 t=   0.07s  mean=   9922.1 max=   9966
    SA   b=   300000 t=   0.18s  mean=  10062.3 max=  10098
    SA   b=  1000000 t=   0.56s  mean=  10154.8 max=  10187
    SA   b=  3000000 t=   1.66s  mean=  10206.7 max=  10232
    SA   b= 10000000 t=   5.50s  mean=  10248.2 max=  10271
    SA   b= 30000000 t=  16.37s  mean=  10267.5 max=  10283
    SA   b=100000000 t=  54.69s  mean=  10278.3 max=  10290
  -> SA   採用 b=30000000 t=16.37s  gap平均=0.306% 平均距離=0.4095 相異なる解=32/32 固定頂点=0.1% エントロピー=0.892bit
    SB   b=      150 t=   0.17s  mean=  10159.7 max=  10198
    SB   b=      400 t=   0.45s  mean=  10208.2 max=  10238
    SB   b=     1000 t=   1.11s  mean=  10238.3 max=  10257
    SB   b=     2500 t=   2.76s  mean=  10256.7 max=  10282
    SB   b=     6000 t=   6.61s  mean=  10265.6 max=  10278
    SB   b=    15000 t=  16.58s  mean=  10271.8 max=  10284
    SB   b=    40000 t=  43.79s  mean=  10273.9 max=  10288
  -> SB   採用 b=15000 t=16.58s  gap平均=0.265% 平均距離=0.3761 相異なる解=32/32 固定頂点=1.3% エントロピー=0.827bit
    PT   b=       30 t=   4.35s  mean=   9995.7 max=  10032
    PT   b=       80 t=  11.46s  mean=  10126.9 max=  10151
    PT   b=      200 t=  28.61s  mean=  10188.8 max=  10212
    PT   b=      600 t=  85.21s  mean=  10230.9 max=  10243
  -> PT   採用 b=200 t=28.61s  gap平均=1.070% 平均距離=0.4396 相異なる解=32/32 固定頂点=0.0% エントロピー=0.952bit
    GA   b=        3 t=  14.37s  mean=  10033.6 max=  10087
    GA   b=        8 t=  22.22s  mean=  10081.6 max=  10132
    GA   b=       20 t=  41.48s  mean=  10140.2 max=  10180
  -> GA   採用 b=8 t=22.22s  gap平均=2.111% 平均距離=0.4695 相異なる解=32/32 固定頂点=0.0% エントロピー=0.963bit

=== G70 (BKS=9591, 目標 30s/バッチ) ===
    CIM  b=      150 t=   0.57s  mean=   5493.3 max=   5544
    CIM  b=      300 t=   1.14s  mean=   9074.2 max=   9111
    CIM  b=      600 t=   2.25s  mean=   9318.9 max=   9352
    CIM  b=     1200 t=   4.47s  mean=   9437.8 max=   9459
    CIM  b=     2400 t=   8.95s  mean=   9479.6 max=   9501
    CIM  b=     4800 t=  17.84s  mean=   9479.6 max=   9501
    CIM  b=     9600 t=  35.75s  mean=   9479.6 max=   9501
  -> CIM  採用 b=4800 t=17.84s  gap平均=1.161% 平均距離=0.3810 相異なる解=32/32 固定頂点=1.3% エントロピー=0.825bit
    CAC  b=      500 t=   0.75s  mean=   9389.7 max=   9424
    CAC  b=     1500 t=   2.23s  mean=   9429.8 max=   9470
    CAC  b=     4000 t=   6.17s  mean=   9441.5 max=   9480
    CAC  b=    12000 t=  62.32s  mean=   9449.0 max=   9480
  -> CAC  採用 b=4000 t=6.17s  gap平均=1.559% 平均距離=0.4751 相異なる解=32/32 固定頂点=0.0% エントロピー=0.969bit
    SA   b=    30000 t=   0.03s  mean=   8217.2 max=   8285
    SA   b=   100000 t=   0.06s  mean=   8905.3 max=   8941
    SA   b=   300000 t=   0.16s  mean=   9166.8 max=   9195
    SA   b=  1000000 t=   0.49s  mean=   9312.2 max=   9342
    SA   b=  3000000 t=   1.41s  mean=   9399.5 max=   9422
    SA   b= 10000000 t=   4.66s  mean=   9469.8 max=   9494
    SA   b= 30000000 t=  13.94s  mean=   9518.0 max=   9535
    SA   b=100000000 t=  46.00s  mean=   9545.1 max=   9561
  -> SA   採用 b=30000000 t=13.94s  gap平均=0.761% 平均距離=0.4566 相異なる解=32/32 固定頂点=0.0% エントロピー=0.966bit
    SB   b=      150 t=   0.21s  mean=   9380.0 max=   9397
    SB   b=      400 t=   0.56s  mean=   9444.7 max=   9485
    SB   b=     1000 t=   1.38s  mean=   9490.8 max=   9516
    SB   b=     2500 t=   3.40s  mean=   9513.4 max=   9531
    SB   b=     6000 t=   8.20s  mean=   9529.9 max=   9553
    SB   b=    15000 t=  20.45s  mean=   9536.2 max=   9546
    SB   b=    40000 t=  54.45s  mean=   9542.6 max=   9559
  -> SB   採用 b=15000 t=20.45s  gap平均=0.571% 平均距離=0.4493 相異なる解=32/32 固定頂点=0.0% エントロピー=0.953bit
    PT   b=       30 t=   6.58s  mean=   9313.3 max=   9351
    PT   b=       80 t=  17.52s  mean=   9397.8 max=   9418
    PT   b=      200 t=  43.39s  mean=   9445.7 max=   9468
  -> PT   採用 b=80 t=17.52s  gap平均=2.014% 平均距離=0.4809 相異なる解=32/32 固定頂点=0.0% エントロピー=0.975bit
    GA   b=        3 t=  24.40s  mean=   9201.3 max=   9244
    GA   b=        8 t=  35.95s  mean=   9235.3 max=   9272
  -> GA   採用 b=3 t=24.40s  gap平均=4.063% 平均距離=0.4872 相異なる解=32/32 固定頂点=0.0% エントロピー=0.973bit

saved -> results\2026-08-18\solution_diversity\v1_G22_K2000_G55_G70_nt32_main
