=== combo_hybrid K2000 n=2000 bks=33337 num_trials=16 ===
[explorer] CIM b=800 t=18.18s cut_max=32514 mean=32360.3 gap=823.0
[explorer] CAC b=4000 t=75.84s cut_max=32364 mean=27338.0 gap=973.0

[refiner] TS grid=[2000, 8000, 30000, 100000, 300000]
  TS-cold      b=     2000 t=  0.34s max= 32135 mean=  31710.7 gap=1202.0
  TS-cold      b=     8000 t=  0.41s max= 32927 mean=  32461.0 gap=410.0
  TS-cold      b=    30000 t=  0.82s max= 32963 mean=  32721.8 gap=374.0
  TS-cold      b=   100000 t=  2.21s max= 32984 mean=  32806.2 gap=353.0
  TS-cold      b=   300000 t=  6.35s max= 33145 mean=  32900.2 gap=192.0
  CIM→TS     b=     2000 t=  0.31s(+18.18) max= 33014 mean=  32781.1 gap=323.0
  CIM→TS     b=     8000 t=  0.42s(+18.18) max= 33014 mean=  32790.8 gap=323.0
  CIM→TS     b=    30000 t=  0.87s(+18.18) max= 33014 mean=  32820.2 gap=323.0
  CIM→TS     b=   100000 t=  2.29s(+18.18) max= 33024 mean=  32880.4 gap=313.0
  CIM→TS     b=   300000 t=  6.75s(+18.18) max= 33217 mean=  32915.2 gap=120.0
  CAC→TS     b=     2000 t=  0.31s(+75.84) max= 32855 mean=  32367.8 gap=482.0
  CAC→TS     b=     8000 t=  0.41s(+75.84) max= 33017 mean=  32630.7 gap=320.0
  CAC→TS     b=    30000 t=  0.88s(+75.84) max= 33073 mean=  32741.1 gap=264.0
  CAC→TS     b=   100000 t=  2.30s(+75.84) max= 33074 mean=  32796.8 gap=263.0
  CAC→TS     b=   300000 t=  6.77s(+75.84) max= 33093 mean=  32915.8 gap=244.0

[refiner] SA grid=[100000, 300000, 1000000, 3000000, 10000000]
  SA-cold      b=   100000 t=  1.94s max= 31130 mean=  30375.4 gap=2207.0
  SA-cold      b=   300000 t=  3.72s max= 31306 mean=  30623.2 gap=2031.0
  SA-cold      b=  1000000 t=  9.65s max= 31306 mean=  30873.4 gap=2031.0
  SA-cold      b=  3000000 t= 26.23s max= 31687 mean=  31049.4 gap=1650.0
  SA-cold      b= 10000000 t= 85.42s max= 31989 mean=  31544.9 gap=1348.0
  SA-cold batch>40.0s → 以後スキップ
  CIM→SA     b=   100000 t=  1.95s(+18.18) max= 32885 mean=  32682.8 gap=452.0
  CIM→SA     b=   300000 t=  3.78s(+18.18) max= 32916 mean=  32681.3 gap=421.0
  CIM→SA     b=  1000000 t=  9.76s(+18.18) max= 32911 mean=  32697.8 gap=426.0
  CIM→SA     b=  3000000 t= 26.80s(+18.18) max= 32981 mean=  32709.3 gap=356.0
  CIM→SA     b= 10000000 t= 86.85s(+18.18) max= 32933 mean=  32708.6 gap=404.0
  CIM→SA batch>40.0s → 以後スキップ
  CAC→SA     b=   100000 t=  1.93s(+75.84) max= 32786 mean=  31745.6 gap=551.0
  CAC→SA     b=   300000 t=  3.62s(+75.84) max= 32769 mean=  31645.0 gap=568.0
  CAC→SA     b=  1000000 t=  9.68s(+75.84) max= 32772 mean=  31732.4 gap=565.0
  CAC→SA     b=  3000000 t= 27.08s(+75.84) max= 32722 mean=  31805.2 gap=615.0
  CAC→SA     b= 10000000 t= 87.21s(+75.84) max= 32722 mean=  31854.8 gap=615.0
  CAC→SA batch>40.0s → 以後スキップ

saved → results\2026-06-19\combo_hybrid\v3_K2000_nt16_t4
