out_dir = C:\Users\owner\igarashi\cim-cac-maxcut-g22\results\2026-08-24\cim_phase_ablation\v1_G22_G55_G70_nt32_main

=== G22 (n=2000, BKS=13359, 4800 rounds) ===
  [A] 軌跡 (8 試行平均)
      パタパタ率 初期=0.3938 → 最終=0.017125  半減 round=10
      ノルム 10%到達=240  90%到達=2640
      best_cut 99%到達=410  99.9%到達=910  最終値到達=1490  → 残り 3310 round (69%) は出力に無寄与
  [B] 第1段階の切り落とし (32 試行)
      offset=    0 ( 0.0%) rounds=  4800 t=  3.7s  gap平均=  0.402%  平均距離=0.3269
      offset=   48 ( 1.0%) rounds=  4752 t=  3.7s  gap平均=  0.460%  平均距離=0.3296
      offset=   96 ( 2.0%) rounds=  4704 t=  3.7s  gap平均=  0.468%  平均距離=0.3477
      offset=  240 ( 5.0%) rounds=  4560 t=  3.7s  gap平均=  0.546%  平均距離=0.3888
      offset=  480 (10.0%) rounds=  4320 t=  3.5s  gap平均=  1.062%  平均距離=0.4186
      offset= 1200 (25.0%) rounds=  3600 t=  2.9s  gap平均=  1.377%  平均距離=0.4561
      offset= 2400 (50.0%) rounds=  2400 t=  1.9s  gap平均=  2.455%  平均距離=0.4674

=== G55 (n=5000, BKS=10299, 9600 rounds) ===
  [A] 軌跡 (8 試行平均)
      パタパタ率 初期=0.3434 → 最終=0.037700  半減 round=10
      ノルム 10%到達=120  90%到達=6670
      best_cut 99%到達=420  99.9%到達=1090  最終値到達=2620  → 残り 6980 round (73%) は出力に無寄与
  [B] 第1段階の切り落とし (32 試行)
      offset=    0 ( 0.0%) rounds=  9600 t= 11.2s  gap平均=  1.156%  平均距離=0.3867
      offset=   96 ( 1.0%) rounds=  9504 t= 11.0s  gap平均=  1.229%  平均距離=0.4202
      offset=  192 ( 2.0%) rounds=  9408 t= 10.8s  gap平均=  1.245%  平均距離=0.4340
      offset=  480 ( 5.0%) rounds=  9120 t= 10.4s  gap平均=  1.481%  平均距離=0.4521
      offset=  960 (10.0%) rounds=  8640 t= 11.0s  gap平均=  1.878%  平均距離=0.4633
      offset= 2400 (25.0%) rounds=  7200 t= 16.6s  gap平均=  2.895%  平均距離=0.4739
      offset= 4800 (50.0%) rounds=  4800 t= 10.9s  gap平均=  4.307%  平均距離=0.4797

=== G70 (n=10000, BKS=9591, 4800 rounds) ===
  [A] 軌跡 (8 試行平均)
      パタパタ率 初期=0.3994 → 最終=0.020413  半減 round=10
      ノルム 10%到達=340  90%到達=4620
      best_cut 99%到達=870  99.9%到達=1520  最終値到達=1600  → 残り 3200 round (67%) は出力に無寄与
  [B] 第1段階の切り落とし (32 試行)
      offset=    0 ( 0.0%) rounds=  4800 t= 17.9s  gap平均=  1.161%  平均距離=0.3810
      offset=   48 ( 1.0%) rounds=  4752 t= 17.6s  gap平均=  1.185%  平均距離=0.3879
      offset=   96 ( 2.0%) rounds=  4704 t= 17.6s  gap平均=  1.134%  平均距離=0.3766
      offset=  240 ( 5.0%) rounds=  4560 t= 17.1s  gap平均=  1.254%  平均距離=0.4077
      offset=  480 (10.0%) rounds=  4320 t=  9.7s  gap平均=  1.438%  平均距離=0.4522
      offset= 1200 (25.0%) rounds=  3600 t=  7.7s  gap平均=  2.191%  平均距離=0.4775
      offset= 2400 (50.0%) rounds=  2400 t=  5.2s  gap平均=  3.294%  平均距離=0.4845

saved -> C:\Users\owner\igarashi\cim-cac-maxcut-g22\results\2026-08-24\cim_phase_ablation\v1_G22_G55_G70_nt32_main
