=== anytime_linlog G22 algos=['CIM', 'SA', 'GA', 'CAC'] nt=16 ===
[G22] n=2000 edges=19990 bks=13359
  --- CIM ---
    CIM  b=      150 t=  0.06s  mean=  11481.7  max= 11838  gap=1521.0
    CIM  b=      300 t=  0.09s  mean=  13059.4  max= 13113  gap= 246.0
    CIM  b=      600 t=  0.15s  mean=  13247.5  max= 13270  gap=  89.0
    CIM  b=     1200 t=  0.27s  mean=  13307.6  max= 13341  gap=  18.0
    CIM  b=     2400 t=  0.48s  mean=  13309.4  max= 13342  gap=  17.0
    CIM  b=     4800 t=  0.92s  mean=  13309.4  max= 13342  gap=  17.0
  --- SA ---
    SA   b=    30000 t=  0.02s  mean=  12988.2  max= 13012  gap= 347.0
    SA   b=   100000 t=  0.03s  mean=  13071.1  max= 13115  gap= 244.0
    SA   b=   300000 t=  0.06s  mean=  13172.1  max= 13221  gap= 138.0
    SA   b=  1000000 t=  0.14s  mean=  13255.7  max= 13312  gap=  47.0
    SA   b=  3000000 t=  0.35s  mean=  13293.4  max= 13314  gap=  45.0
    SA   b= 10000000 t=  1.00s  mean=  13328.3  max= 13354  gap=   5.0
  --- GA ---
    GA   b=        3 t=  0.31s  mean=  13276.4  max= 13329  gap=  30.0
    GA   b=        8 t=  0.53s  mean=  13290.2  max= 13329  gap=  30.0
    GA   b=       20 t=  0.95s  mean=  13313.8  max= 13334  gap=  25.0
    GA   b=       50 t=  1.96s  mean=  13327.9  max= 13357  gap=   2.0
    GA   b=      120 t=  4.41s  mean=  13332.2  max= 13358  gap=   1.0
  --- CAC ---
    CAC  b=      500 t=  0.12s  mean=  13284.8  max= 13308  gap=  51.0
    CAC  b=     1500 t=  0.29s  mean=  13318.0  max= 13342  gap=  17.0
    CAC  b=     4000 t=  0.55s  mean=  13337.9  max= 13356  gap=   3.0
    CAC  b=    12000 t=  1.41s  mean=  13343.4  max= 13356  gap=   3.0
    CAC  b=    35000 t=  3.69s  mean=  13346.9  max= 13357  gap=   2.0
    CAC  b=    80000 t=  7.82s  mean=  13353.6  max= 13358  gap=   1.0

saved → results\2026-06-19\anytime_linlog\v1_G22_nt16
